Component: ARM Compiler 5.06 update 5 (build 528) Tool: armlink [4d35e2]

==============================================================================

Section Cross References

    main.o(i.TIM3_IRQHandler) refers to stm32f10x_tim.o(i.TIM_GetITStatus) for TIM_GetITStatus
    main.o(i.TIM3_IRQHandler) refers to stm32f10x_tim.o(i.TIM_ClearITPendingBit) for TIM_ClearITPendingBit
    main.o(i.TIM3_IRQHandler) refers to adc.o(i.getConvValueAve) for getConvValueAve
    main.o(i.TIM3_IRQHandler) refers to tlink.o(i.sendDeviceStatus) for sendDeviceStatus
    main.o(i.TIM3_IRQHandler) refers to tlink.o(.bss) for device
    main.o(i.main) refers to system_stm32f10x.o(i.SystemInit) for SystemInit
    main.o(i.main) refers to delay.o(i.initSysTick) for initSysTick
    main.o(i.main) refers to adc.o(i.initADC) for initADC
    main.o(i.main) refers to uart.o(i.initUART) for initUART
    main.o(i.main) refers to uart.o(i.initUART2) for initUART2
    main.o(i.main) refers to led.o(i.initLED) for initLED
    main.o(i.main) refers to led.o(i.closeLED) for closeLED
    main.o(i.main) refers to dht11.o(i.initDHT11) for initDHT11
    main.o(i.main) refers to iic.o(i.initIIC) for initIIC
    main.o(i.main) refers to oled.o(i.initOLED) for initOLED
    main.o(i.main) refers to nvic.o(i.initNVIC) for initNVIC
    main.o(i.main) refers to timx.o(i.initTIMx) for initTIMx
    main.o(i.main) refers to stm32f10x_tim.o(i.TIM_ARRPreloadConfig) for TIM_ARRPreloadConfig
    main.o(i.main) refers to timx.o(i.initTIM2OC1) for initTIM2OC1
    main.o(i.main) refers to timx.o(i.initTIM2OC2) for initTIM2OC2
    main.o(i.main) refers to timx.o(i.initTIM4OC1) for initTIM4OC1
    main.o(i.main) refers to light.o(i.initLight) for initLight
    main.o(i.main) refers to oled.o(i.formatScreen) for formatScreen
    main.o(i.main) refers to network.o(i.initESP8266) for initESP8266
    main.o(i.main) refers to oled.o(i.showString) for showString
    main.o(i.main) refers to network.o(i.connectAP) for connectAP
    main.o(i.main) refers to tlink.o(i.connectTlink) for connectTlink
    main.o(i.main) refers to delay.o(i.Delay_ms) for Delay_ms
    main.o(i.main) refers to flashdata.o(i.ReadFlash) for ReadFlash
    main.o(i.main) refers to oled.o(i.showNumber) for showNumber
    main.o(i.main) refers to tlink.o(.bss) for device
    stm32f10x_flash.o(i.FLASH_EnableWriteProtection) refers to stm32f10x_flash.o(i.FLASH_WaitForLastOperation) for FLASH_WaitForLastOperation
    stm32f10x_flash.o(i.FLASH_EraseAllBank1Pages) refers to stm32f10x_flash.o(i.FLASH_WaitForLastBank1Operation) for FLASH_WaitForLastBank1Operation
    stm32f10x_flash.o(i.FLASH_EraseAllPages) refers to stm32f10x_flash.o(i.FLASH_WaitForLastOperation) for FLASH_WaitForLastOperation
    stm32f10x_flash.o(i.FLASH_EraseOptionBytes) refers to stm32f10x_flash.o(i.FLASH_GetReadOutProtectionStatus) for FLASH_GetReadOutProtectionStatus
    stm32f10x_flash.o(i.FLASH_EraseOptionBytes) refers to stm32f10x_flash.o(i.FLASH_WaitForLastOperation) for FLASH_WaitForLastOperation
    stm32f10x_flash.o(i.FLASH_ErasePage) refers to stm32f10x_flash.o(i.FLASH_WaitForLastOperation) for FLASH_WaitForLastOperation
    stm32f10x_flash.o(i.FLASH_ProgramHalfWord) refers to stm32f10x_flash.o(i.FLASH_WaitForLastOperation) for FLASH_WaitForLastOperation
    stm32f10x_flash.o(i.FLASH_ProgramOptionByteData) refers to stm32f10x_flash.o(i.FLASH_WaitForLastOperation) for FLASH_WaitForLastOperation
    stm32f10x_flash.o(i.FLASH_ProgramWord) refers to stm32f10x_flash.o(i.FLASH_WaitForLastOperation) for FLASH_WaitForLastOperation
    stm32f10x_flash.o(i.FLASH_ReadOutProtection) refers to stm32f10x_flash.o(i.FLASH_WaitForLastOperation) for FLASH_WaitForLastOperation
    stm32f10x_flash.o(i.FLASH_UserOptionByteConfig) refers to stm32f10x_flash.o(i.FLASH_WaitForLastOperation) for FLASH_WaitForLastOperation
    stm32f10x_flash.o(i.FLASH_WaitForLastBank1Operation) refers to stm32f10x_flash.o(i.FLASH_GetBank1Status) for FLASH_GetBank1Status
    stm32f10x_flash.o(i.FLASH_WaitForLastOperation) refers to stm32f10x_flash.o(i.FLASH_GetBank1Status) for FLASH_GetBank1Status
    delay.o(i.initSysTick) refers to misc.o(i.SysTick_CLKSourceConfig) for SysTick_CLKSourceConfig
    adc.o(i.getConvValue) refers to stm32f10x_adc.o(i.ADC_SoftwareStartConvCmd) for ADC_SoftwareStartConvCmd
    adc.o(i.getConvValue) refers to stm32f10x_adc.o(i.ADC_GetFlagStatus) for ADC_GetFlagStatus
    adc.o(i.getConvValue) refers to stm32f10x_adc.o(i.ADC_GetConversionValue) for ADC_GetConversionValue
    adc.o(i.getConvValueAve) refers to adc.o(i.getConvValue) for getConvValue
    adc.o(i.getConvValueAve) refers to delay.o(i.Delay_us) for Delay_us
    adc.o(i.initADC) refers to stm32f10x_rcc.o(i.RCC_APB2PeriphClockCmd) for RCC_APB2PeriphClockCmd
    adc.o(i.initADC) refers to stm32f10x_gpio.o(i.GPIO_PinRemapConfig) for GPIO_PinRemapConfig
    adc.o(i.initADC) refers to stm32f10x_rcc.o(i.RCC_ADCCLKConfig) for RCC_ADCCLKConfig
[...]
    printf7.o(i.__0vprintf$7) refers to printf7.o(i._printf_core) for _printf_core
    printf7.o(i.__0vprintf$7) refers to uart.o(i.fputc) for fputc
    printf7.o(i.__0vprintf$7) refers to stdout.o(.data) for __stdout
    printf7.o(i.__0vsnprintf$7) refers to printf7.o(i._printf_core) for _printf_core
    printf7.o(i.__0vsnprintf$7) refers to printf7.o(i._snputc) for _snputc
    printf7.o(i.__0vsprintf$7) refers to printf7.o(i._printf_core) for _printf_core
    printf7.o(i.__0vsprintf$7) refers to printf7.o(i._sputc) for _sputc
    printf7.o(i._printf_core) refers to printf7.o(i._printf_pre_padding) for _printf_pre_padding
    printf7.o(i._printf_core) refers to uldiv.o(.text) for __aeabi_uldivmod
    printf7.o(i._printf_core) refers to printf7.o(i._printf_post_padding) for _printf_post_padding
    printf8.o(i.__0fprintf$8) refers to printf8.o(i._printf_core) for _printf_core
    printf8.o(i.__0fprintf$8) refers to uart.o(i.fputc) for fputc
    printf8.o(i.__0printf$8) refers to printf8.o(i._printf_core) for _printf_core
    printf8.o(i.__0printf$8) refers to uart.o(i.fputc) for fputc
    printf8.o(i.__0printf$8) refers to stdout.o(.data) for __stdout
    printf8.o(i.__0snprintf$8) refers to printf8.o(i._printf_core) for _printf_core
    printf8.o(i.__0snprintf$8) refers to printf8.o(i._snputc) for _snputc
    printf8.o(i.__0sprintf$8) refers to printf8.o(i._printf_core) for _printf_core
    printf8.o(i.__0sprintf$8) refers to printf8.o(i._sputc) for _sputc
    printf8.o(i.__0vfprintf$8) refers to printf8.o(i._printf_core) for _printf_core
    printf8.o(i.__0vfprintf$8) refers to uart.o(i.fputc) for fputc
    printf8.o(i.__0vprintf$8) refers to printf8.o(i._printf_core) for _printf_core
    printf8.o(i.__0vprintf$8) refers to uart.o(i.fputc) for fputc
    printf8.o(i.__0vprintf$8) refers to stdout.o(.data) for __stdout
    printf8.o(i.__0vsnprintf$8) refers to printf8.o(i._printf_core) for _printf_core
    printf8.o(i.__0vsnprintf$8) refers to printf8.o(i._snputc) for _snputc
    printf8.o(i.__0vsprintf$8) refers to printf8.o(i._printf_core) for _printf_core
    printf8.o(i.__0vsprintf$8) refers to printf8.o(i._sputc) for _sputc
    printf8.o(i._printf_core) refers to printf8.o(i._printf_pre_padding) for _printf_pre_padding
    printf8.o(i._printf_core) refers to uldiv.o(.text) for __aeabi_uldivmod
    printf8.o(i._printf_core) refers to printf8.o(i._printf_post_padding) for _printf_post_padding
    printfa.o(i.__0fprintf) refers (Special) to iusefp.o(.text) for __I$use$fp
    printfa.o(i.__0fprintf) refers to printfa.o(i._printf_core) for _printf_core
    printfa.o(i.__0fprintf) refers to uart.o(i.fputc) for fputc
    printfa.o(i.__0printf) refers (Special) to iusefp.o(.text) for __I$use$fp
    printfa.o(i.__0printf) refers to printfa.o(i._printf_core) for _printf_core
    printfa.o(i.__0printf) refers to uart.o(i.fputc) for fputc
    printfa.o(i.__0printf) refers to stdout.o(.data) for __stdout
    printfa.o(i.__0snprintf) refers (Special) to iusefp.o(.text) for __I$use$fp
    printfa.o(i.__0snprintf) refers to printfa.o(i._printf_core) for _printf_core
    printfa.o(i.__0snprintf) refers to printfa.o(i._snputc) for _snputc
    printfa.o(i.__0sprintf) refers (Special) to iusefp.o(.text) for __I$use$fp
    printfa.o(i.__0sprintf) refers to printfa.o(i._printf_core) for _printf_core
    printfa.o(i.__0sprintf) refers to printfa.o(i._sputc) for _sputc
    printfa.o(i.__0vfprintf) refers (Special) to iusefp.o(.text) for __I$use$fp
    printfa.o(i.__0vfprintf) refers to printfa.o(i._printf_core) for _printf_core
    printfa.o(i.__0vfprintf) refers to uart.o(i.fputc) for fputc
    printfa.o(i.__0vprintf) refers (Special) to iusefp.o(.text) for __I$use$fp
    printfa.o(i.__0vprintf) refers to printfa.o(i._printf_core) for _printf_core
    printfa.o(i.__0vprintf) refers to uart.o(i.fputc) for fputc
    printfa.o(i.__0vprintf) refers to stdout.o(.data) for __stdout
    printfa.o(i.__0vsnprintf) refers (Special) to iusefp.o(.text) for __I$use$fp
    printfa.o(i.__0vsnprintf) refers to printfa.o(i._printf_core) for _printf_core
    printfa.o(i.__0vsnprintf) refers to printfa.o(i._snputc) for _snputc
    printfa.o(i.__0vsprintf) refers (Special) to iusefp.o(.text) for __I$use$fp
    printfa.o(i.__0vsprintf) refers to printfa.o(i._printf_core) for _printf_core
    printfa.o(i.__0vsprintf) refers to printfa.o(i._sputc) for _sputc
    printfa.o(i._fp_digits) refers (Special) to iusefp.o(.text) for __I$use$fp
    printfa.o(i._fp_digits) refers to dmul.o(.text) for __aeabi_dmul
    printfa.o(i._fp_digits) refers to ddiv.o(.text) for __aeabi_ddiv
    printfa.o(i._fp_digits) refers to cdrcmple.o(.text) for __aeabi_cdrcmple
    printfa.o(i._fp_digits) refers to dadd.o(.text) for __aeabi_dadd
    printfa.o(i._fp_digits) refers to dfixul.o(.text) for __aeabi_d2ulz
    printfa.o(i._fp_digits) refers to uldiv.o(.text) for __aeabi_uldivmod
    printfa.o(i._printf_core) refers (Special) to iusefp.o(.text) for __I$use$fp
    printfa.o(i._printf_core) refers to printfa.o(i._printf_pre_padding) for _printf_pre_padding
    printfa.o(i._printf_core) refers to uldiv.o(.text) for __aeabi_uldivmod
    printfa.o(i._printf_core) refers to printfa.o(i._printf_post_padding) for _printf_post_padding
    printfa.o(i._printf_core) refers to printfa.o(i._fp_digits) for _fp_digits
    printfa.o(i._printf_core) refers to uidiv.o(.text) for __aeabi_uidivmod
    printfa.o(i._printf_post_padding) refers (Special) to iusefp.o(.text) for __I$use$fp
    printfa.o(i._printf_pre_padding) refers (Special) to iusefp.o(.text) for __I$use$fp
    printfa.o(i._snputc) refers (Special) to iusefp.o(.text) for __I$use$fp
    printfa.o(i._sputc) refers (Special) to iusefp.o(.text) for __I$use$fp
    entry2.o(.ARM.Collect$$$$00000001) refers to entry2.o(.ARM.Collect$$$$00002712) for __lit__00000000
    entry2.o(.ARM.Collect$$$$00002712) refers to startup_stm32f10x_md.o(STACK) for __initial_sp
    entry2.o(__vectab_stack_and_reset_area) refers to startup_stm32f10x_md.o(STACK) for __initial_sp
    entry2.o(__vectab_stack_and_reset_area) refers to entry.o(.ARM.Collect$$$$00000000) for __main
    entry5.o(.ARM.Collect$$$$00000004) refers to init.o(.text) for __scatterload
    entry9a.o(.ARM.Collect$$$$0000000B) refers to main.o(i.main) for main
    entry9b.o(.ARM.Collect$$$$0000000C) refers to main.o(i.main) for main
    uldiv.o(.text) refers to llushr.o(.text) for __aeabi_llsr
    uldiv.o(.text) refers to llshl.o(.text) for __aeabi_llsl
    dadd.o(.text) refers to llshl.o(.text) for __aeabi_llsl
    dadd.o(.text) refers to llsshr.o(.text) for __aeabi_lasr
    dadd.o(.text) refers to depilogue.o(.text) for _double_epilogue
    dmul.o(.text) refers to depilogue.o(.text) for _double_epilogue
    ddiv.o(.text) refers to depilogue.o(.text) for _double_round
    dfixul.o(.text) refers to llushr.o(.text) for __aeabi_llsr
    dfixul.o(.text) refers to llshl.o(.text) for __aeabi_llsl
    init.o(.text) refers to entry5.o(.ARM.Collect$$$$00000004) for __main_after_scatterload
    depilogue.o(.text) refers to llshl.o(.text) for __aeabi_llsl
    depilogue.o(.text) refers to llushr.o(.text) for __aeabi_llsr


==============================================================================

Removing Unused input sections from the image.

    Removing stm32f10x_flash.o(i.FLASH_EnableWriteProtection), (172 bytes).
    Removing stm32f10x_flash.o(i.FLASH_EraseAllBank1Pages), (56 bytes).
    Removing stm32f10x_flash.o(i.FLASH_EraseAllPages), (56 bytes).
    Removing stm32f10x_flash.o(i.FLASH_EraseOptionBytes), (124 bytes).
    Removing stm32f10x_flash.o(i.FLASH_GetFlagStatus), (32 bytes).
    Removing stm32f10x_flash.o(i.FLASH_GetPrefetchBufferStatus), (20 bytes).
    Removing stm32f10x_flash.o(i.FLASH_GetReadOutProtectionStatus), (20 bytes).
    Removing stm32f10x_flash.o(i.FLASH_GetStatus), (40 bytes).
    Removing stm32f10x_flash.o(i.FLASH_GetUserOptionByte), (12 bytes).
    Removing stm32f10x_flash.o(i.FLASH_GetWriteProtectionOptionByte), (12 bytes).
    Removing stm32f10x_flash.o(i.FLASH_HalfCycleAccessCmd), (24 bytes).
    Removing stm32f10x_flash.o(i.FLASH_ITConfig), (24 bytes).
    Removing stm32f10x_flash.o(i.FLASH_LockBank1), (16 bytes).
    Removing stm32f10x_flash.o(i.FLASH_PrefetchBufferCmd), (24 bytes).
    Removing stm32f10x_flash.o(i.FLASH_ProgramOptionByteData), (76 bytes).
    Removing stm32f10x_flash.o(i.FLASH_ProgramWord), (80 bytes).
    Removing stm32f10x_flash.o(i.FLASH_ReadOutProtection), (136 bytes).
    Removing stm32f10x_flash.o(i.FLASH_SetLatency), (20 bytes).
    Removing stm32f10x_flash.o(i.FLASH_UnlockBank1), (24 bytes).
    Removing stm32f10x_flash.o(i.FLASH_UserOptionByteConfig), (96 bytes).
    Removing stm32f10x_flash.o(i.FLASH_WaitForLastBank1Operation), (34 bytes).
    Removing led.o(i.blinkLED), (60 bytes).
    Removing led.o(i.openLED), (16 bytes).
    Removing led.o(i.toggleLED), (16 bytes).
    Removing dht11.o(i.readByte), (128 bytes).
    Removing dht11.o(i.readDHT11), (220 bytes).
    Removing iic.o(i.receiveIICByte), (96 bytes).
    Removing iic.o(i.sendIICAck), (60 bytes).
    Removing iic.o(i.sendIICNAck), (52 bytes).
    Removing oled.o(i.setScreenDir), (30 bytes).
    Removing oled.o(i.setScreenReverse), (14 bytes).
    Removing oled.o(i.setScreenSwtich), (12 bytes).
    Removing oled.o(i.showCNString), (208 bytes).
    Removing oled.o(i.showImage), (124 bytes).
    Removing oled.o(.data), (13 bytes).
    Removing dma.o(i.initDMA), (78 bytes).
    Removing timx.o(i.initTIM3OC1), (48 bytes).
    Removing timx.o(i.initTIM4IC3), (52 bytes).
    Removing timx.o(i.initTIM4OC2), (48 bytes).
    Removing timx.o(i.setPeriod), (4 bytes).
    Removing timx.o(i.setPrescaler), (6 bytes).
    Removing light.o(.bss), (138 bytes).
    Removing misc.o(i.NVIC_SetVectorTable), (20 bytes).
    Removing misc.o(i.NVIC_SystemLPConfig), (24 bytes).
    Removing stm32f10x_adc.o(i.ADC_AnalogWatchdogCmd), (16 bytes).
    Removing stm32f10x_adc.o(i.ADC_AnalogWatchdogSingleChannelConfig), (12 bytes).
    Removing stm32f10x_adc.o(i.ADC_AnalogWatchdogThresholdsConfig), (6 bytes).
    Removing stm32f10x_adc.o(i.ADC_AutoInjectedConvCmd), (20 bytes).
    Removing stm32f10x_adc.o(i.ADC_ClearFlag), (6 bytes).
    Removing stm32f10x_adc.o(i.ADC_ClearITPendingBit), (8 bytes).
    Removing stm32f10x_adc.o(i.ADC_DMACmd), (20 bytes).
    Removing stm32f10x_adc.o(i.ADC_DeInit), (68 bytes).
    Removing stm32f10x_adc.o(i.ADC_DiscModeChannelCountConfig), (16 bytes).
    Removing stm32f10x_adc.o(i.ADC_DiscModeCmd), (20 bytes).
    Removing stm32f10x_adc.o(i.ADC_ExternalTrigConvCmd), (20 bytes).
    Removing stm32f10x_adc.o(i.ADC_ExternalTrigInjectedConvCmd), (20 bytes).
    Removing stm32f10x_adc.o(i.ADC_ExternalTrigInjectedConvConfig), (12 bytes).
    Removing stm32f10x_adc.o(i.ADC_GetDualModeConversionValue), (12 bytes).
    Removing stm32f10x_adc.o(i.ADC_GetITStatus), (28 bytes).
    Removing stm32f10x_adc.o(i.ADC_GetInjectedConversionValue), (14 bytes).
    Removing stm32f10x_adc.o(i.ADC_GetSoftwareStartConvStatus), (14 bytes).
    Removing stm32f10x_adc.o(i.ADC_GetSoftwareStartInjectedConvCmdStatus), (14 bytes).
    Removing stm32f10x_adc.o(i.ADC_ITConfig), (18 bytes).
    Removing stm32f10x_adc.o(i.ADC_InjectedChannelConfig), (74 bytes).
    Removing stm32f10x_adc.o(i.ADC_InjectedDiscModeCmd), (20 bytes).
    Removing stm32f10x_adc.o(i.ADC_InjectedSequencerLengthConfig), (16 bytes).
    Removing stm32f10x_adc.o(i.ADC_SetInjectedOffset), (10 bytes).
    Removing stm32f10x_adc.o(i.ADC_SoftwareStartInjectedConvCmd), (20 bytes).
    Removing stm32f10x_adc.o(i.ADC_StructInit), (18 bytes).
    Removing stm32f10x_adc.o(i.ADC_TempSensorVrefintCmd), (28 bytes).
    Removing stm32f10x_gpio.o(i.GPIO_AFIODeInit), (22 bytes).
    Removing stm32f10x_gpio.o(i.GPIO_DeInit), (180 bytes).
    Removing stm32f10x_gpio.o(i.GPIO_ETH_MediaInterfaceConfig), (12 bytes).
    Removing stm32f10x_gpio.o(i.GPIO_EXTILineConfig), (40 bytes).
    Removing stm32f10x_gpio.o(i.GPIO_EventOutputCmd), (12 bytes).
    Removing stm32f10x_gpio.o(i.GPIO_EventOutputConfig), (28 bytes).
    Removing stm32f10x_gpio.o(i.GPIO_PinLockConfig), (16 bytes).
    Removing stm32f10x_gpio.o(i.GPIO_ReadInputData), (6 bytes).
    Removing stm32f10x_gpio.o(i.GPIO_ReadOutputData), (6 bytes).
    Removing stm32f10x_gpio.o(i.GPIO_ReadOutputDataBit), (14 bytes).
    Removing stm32f10x_gpio.o(i.GPIO_StructInit), (16 bytes).
    Removing stm32f10x_gpio.o(i.GPIO_Write), (4 bytes).
    Removing stm32f10x_gpio.o(i.GPIO_WriteBit), (10 bytes).
    Removing stm32f10x_rcc.o(i.RCC_AHBPeriphClockCmd), (24 bytes).
    Removing stm32f10x_rcc.o(i.RCC_APB1PeriphResetCmd), (24 bytes).
    Removing stm32f10x_rcc.o(i.RCC_APB2PeriphResetCmd), (24 bytes).
    Removing stm32f10x_rcc.o(i.RCC_AdjustHSICalibrationValue), (20 bytes).
    Removing stm32f10x_rcc.o(i.RCC_BackupResetCmd), (12 bytes).
    Removing stm32f10x_rcc.o(i.RCC_ClearFlag), (16 bytes).
    Removing stm32f10x_rcc.o(i.RCC_ClearITPendingBit), (12 bytes).
    Removing stm32f10x_rcc.o(i.RCC_ClockSecuritySystemCmd), (12 bytes).
    Removing stm32f10x_rcc.o(i.RCC_DeInit), (64 bytes).
    Removing stm32f10x_rcc.o(i.RCC_GetFlagStatus), (48 bytes).
    Removing stm32f10x_rcc.o(i.RCC_GetITStatus), (20 bytes).
    Removing stm32f10x_rcc.o(i.RCC_GetSYSCLKSource), (16 bytes).
    Removing stm32f10x_rcc.o(i.RCC_HCLKConfig), (20 bytes).
    Removing stm32f10x_rcc.o(i.RCC_HSEConfig), (52 bytes).
    Removing stm32f10x_rcc.o(i.RCC_HSICmd), (12 bytes).
    Removing stm32f10x_rcc.o(i.RCC_ITConfig), (24 bytes).
    Removing stm32f10x_rcc.o(i.RCC_LSEConfig), (32 bytes).
    Removing stm32f10x_rcc.o(i.RCC_LSICmd), (12 bytes).
    Removing stm32f10x_rcc.o(i.RCC_MCOConfig), (12 bytes).
    Removing stm32f10x_rcc.o(i.RCC_PCLK1Config), (20 bytes).
    Removing stm32f10x_rcc.o(i.RCC_PCLK2Config), (20 bytes).
    Removing stm32f10x_rcc.o(i.RCC_PLLCmd), (12 bytes).
    Removing stm32f10x_rcc.o(i.RCC_PLLConfig), (20 bytes).
    Removing stm32f10x_rcc.o(i.RCC_RTCCLKCmd), (12 bytes).
    Removing stm32f10x_rcc.o(i.RCC_RTCCLKConfig), (16 bytes).
    Removing stm32f10x_rcc.o(i.RCC_SYSCLKConfig), (20 bytes).
    Removing stm32f10x_rcc.o(i.RCC_USBCLKConfig), (12 bytes).
    Removing stm32f10x_rcc.o(i.RCC_WaitForHSEStartUp), (44 bytes).
    Removing stm32f10x_tim.o(i.TI1_Config), (108 bytes).
    Removing stm32f10x_tim.o(i.TI2_Config), (124 bytes).
    Removing stm32f10x_tim.o(i.TIM_BDTRConfig), (34 bytes).
    Removing stm32f10x_tim.o(i.TIM_BDTRStructInit), (18 bytes).
    Removing stm32f10x_tim.o(i.TIM_CCPreloadControl), (20 bytes).
    Removing stm32f10x_tim.o(i.TIM_CCxCmd), (22 bytes).
    Removing stm32f10x_tim.o(i.TIM_CCxNCmd), (22 bytes).
    Removing stm32f10x_tim.o(i.TIM_ClearFlag), (6 bytes).
    Removing stm32f10x_tim.o(i.TIM_ClearOC1Ref), (12 bytes).
    Removing stm32f10x_tim.o(i.TIM_ClearOC2Ref), (20 bytes).
    Removing stm32f10x_tim.o(i.TIM_ClearOC3Ref), (12 bytes).
    Removing stm32f10x_tim.o(i.TIM_ClearOC4Ref), (20 bytes).
    Removing stm32f10x_tim.o(i.TIM_CounterModeConfig), (12 bytes).
    Removing stm32f10x_tim.o(i.TIM_CtrlPWMOutputs), (22 bytes).
    Removing stm32f10x_tim.o(i.TIM_DMAConfig), (8 bytes).
    Removing stm32f10x_tim.o(i.TIM_DeInit), (368 bytes).
    Removing stm32f10x_tim.o(i.TIM_ETRClockMode1Config), (18 bytes).
    Removing stm32f10x_tim.o(i.TIM_ETRClockMode2Config), (18 bytes).
    Removing stm32f10x_tim.o(i.TIM_ETRConfig), (24 bytes).
    Removing stm32f10x_tim.o(i.TIM_EncoderInterfaceConfig), (50 bytes).
    Removing stm32f10x_tim.o(i.TIM_ForcedOC1Config), (12 bytes).
    Removing stm32f10x_tim.o(i.TIM_ForcedOC2Config), (20 bytes).
    Removing stm32f10x_tim.o(i.TIM_ForcedOC3Config), (12 bytes).
    Removing stm32f10x_tim.o(i.TIM_ForcedOC4Config), (20 bytes).
    Removing stm32f10x_tim.o(i.TIM_GenerateEvent), (4 bytes).
    Removing stm32f10x_tim.o(i.TIM_GetCapture1), (4 bytes).
    Removing stm32f10x_tim.o(i.TIM_GetCapture2), (4 bytes).
    Removing stm32f10x_tim.o(i.TIM_GetCapture3), (4 bytes).
    Removing stm32f10x_tim.o(i.TIM_GetCapture4), (6 bytes).
    Removing stm32f10x_tim.o(i.TIM_GetCounter), (4 bytes).
    Removing stm32f10x_tim.o(i.TIM_GetFlagStatus), (14 bytes).
    Removing stm32f10x_tim.o(i.TIM_GetPrescaler), (4 bytes).
    Removing stm32f10x_tim.o(i.TIM_ICInit), (300 bytes).
    Removing stm32f10x_tim.o(i.TIM_ICStructInit), (16 bytes).
    Removing stm32f10x_tim.o(i.TIM_ITRxExternalClockConfig), (18 bytes).
    Removing stm32f10x_tim.o(i.TIM_InternalClockConfig), (10 bytes).
    Removing stm32f10x_tim.o(i.TIM_OC1FastConfig), (12 bytes).
    Removing stm32f10x_tim.o(i.TIM_OC1NPolarityConfig), (12 bytes).
    Removing stm32f10x_tim.o(i.TIM_OC1PolarityConfig), (12 bytes).
    Removing stm32f10x_tim.o(i.TIM_OC2FastConfig), (20 bytes).
    Removing stm32f10x_tim.o(i.TIM_OC2NPolarityConfig), (20 bytes).
    Removing stm32f10x_tim.o(i.TIM_OC2PolarityConfig), (20 bytes).
    Removing stm32f10x_tim.o(i.TIM_OC3FastConfig), (12 bytes).
    Removing stm32f10x_tim.o(i.TIM_OC3Init), (124 bytes).
    Removing stm32f10x_tim.o(i.TIM_OC3NPolarityConfig), (20 bytes).
    Removing stm32f10x_tim.o(i.TIM_OC3PolarityConfig), (20 bytes).
    Removing stm32f10x_tim.o(i.TIM_OC3PreloadConfig), (12 bytes).
    Removing stm32f10x_tim.o(i.TIM_OC4FastConfig), (20 bytes).
    Removing stm32f10x_tim.o(i.TIM_OC4Init), (100 bytes).
    Removing stm32f10x_tim.o(i.TIM_OC4PolarityConfig), (20 bytes).
    Removing stm32f10x_tim.o(i.TIM_OC4PreloadConfig), (20 bytes).
    Removing stm32f10x_tim.o(i.TIM_OCStructInit), (20 bytes).
    Removing stm32f10x_tim.o(i.TIM_PWMIConfig), (108 bytes).
    Removing stm32f10x_tim.o(i.TIM_PrescalerConfig), (6 bytes).
    Removing stm32f10x_tim.o(i.TIM_SelectCCDMA), (20 bytes).
    Removing stm32f10x_tim.o(i.TIM_SelectCOM), (20 bytes).
    Removing stm32f10x_tim.o(i.TIM_SelectHallSensor), (20 bytes).
    Removing stm32f10x_tim.o(i.TIM_SelectInputTrigger), (12 bytes).
    Removing stm32f10x_tim.o(i.TIM_SelectMasterSlaveMode), (16 bytes).
    Removing stm32f10x_tim.o(i.TIM_SelectOCxM), (70 bytes).
    Removing stm32f10x_tim.o(i.TIM_SelectOnePulseMode), (16 bytes).
    Removing stm32f10x_tim.o(i.TIM_SelectOutputTrigger), (16 bytes).
    Removing stm32f10x_tim.o(i.TIM_SelectSlaveMode), (16 bytes).
    Removing stm32f10x_tim.o(i.TIM_SetAutoreload), (4 bytes).
    Removing stm32f10x_tim.o(i.TIM_SetClockDivision), (16 bytes).
    Removing stm32f10x_tim.o(i.TIM_SetCompare3), (4 bytes).
    Removing stm32f10x_tim.o(i.TIM_SetCompare4), (6 bytes).
    Removing stm32f10x_tim.o(i.TIM_SetCounter), (4 bytes).
    Removing stm32f10x_tim.o(i.TIM_SetIC1Prescaler), (16 bytes).
    Removing stm32f10x_tim.o(i.TIM_SetIC2Prescaler), (24 bytes).
    Removing stm32f10x_tim.o(i.TIM_SetIC3Prescaler), (16 bytes).
    Removing stm32f10x_tim.o(i.TIM_SetIC4Prescaler), (24 bytes).
    Removing stm32f10x_tim.o(i.TIM_TIxExternalClockConfig), (46 bytes).
    Removing stm32f10x_tim.o(i.TIM_TimeBaseStructInit), (18 bytes).
    Removing stm32f10x_tim.o(i.TIM_UpdateDisableConfig), (20 bytes).
    Removing stm32f10x_tim.o(i.TIM_UpdateRequestConfig), (20 bytes).
    Removing stm32f10x_usart.o(i.USART_ClearITPendingBit), (12 bytes).
    Removing stm32f10x_usart.o(i.USART_ClockInit), (30 bytes).
    Removing stm32f10x_usart.o(i.USART_ClockStructInit), (12 bytes).
    Removing stm32f10x_usart.o(i.USART_DMACmd), (16 bytes).
    Removing stm32f10x_usart.o(i.USART_DeInit), (116 bytes).
    Removing stm32f10x_usart.o(i.USART_HalfDuplexCmd), (20 bytes).
    Removing stm32f10x_usart.o(i.USART_IrDACmd), (20 bytes).
    Removing stm32f10x_usart.o(i.USART_IrDAConfig), (16 bytes).
    Removing stm32f10x_usart.o(i.USART_LINBreakDetectLengthConfig), (16 bytes).
    Removing stm32f10x_usart.o(i.USART_LINCmd), (20 bytes).
    Removing stm32f10x_usart.o(i.USART_OneBitMethodCmd), (20 bytes).
    Removing stm32f10x_usart.o(i.USART_OverSampling8Cmd), (20 bytes).
    Removing stm32f10x_usart.o(i.USART_ReceiverWakeUpCmd), (20 bytes).
    Removing stm32f10x_usart.o(i.USART_SendBreak), (10 bytes).
    Removing stm32f10x_usart.o(i.USART_SetAddress), (16 bytes).
    Removing stm32f10x_usart.o(i.USART_SetGuardTime), (16 bytes).
    Removing stm32f10x_usart.o(i.USART_SetPrescaler), (16 bytes).
    Removing stm32f10x_usart.o(i.USART_SmartCardCmd), (20 bytes).
    Removing stm32f10x_usart.o(i.USART_SmartCardNACKCmd), (20 bytes).
    Removing stm32f10x_usart.o(i.USART_StructInit), (22 bytes).
    Removing stm32f10x_usart.o(i.USART_WakeUpConfig), (16 bytes).
    Removing stm32f10x_dma.o(i.DMA_ClearFlag), (24 bytes).
    Removing stm32f10x_dma.o(i.DMA_ClearITPendingBit), (24 bytes).
    Removing stm32f10x_dma.o(i.DMA_Cmd), (22 bytes).
    Removing stm32f10x_dma.o(i.DMA_DeInit), (228 bytes).
    Removing stm32f10x_dma.o(i.DMA_GetCurrDataCounter), (6 bytes).
    Removing stm32f10x_dma.o(i.DMA_GetFlagStatus), (32 bytes).
    Removing stm32f10x_dma.o(i.DMA_GetITStatus), (32 bytes).
    Removing stm32f10x_dma.o(i.DMA_ITConfig), (16 bytes).
    Removing stm32f10x_dma.o(i.DMA_Init), (58 bytes).
    Removing stm32f10x_dma.o(i.DMA_SetCurrDataCounter), (4 bytes).
    Removing stm32f10x_dma.o(i.DMA_StructInit), (26 bytes).
    Removing core_cm3.o(.emb_text), (32 bytes).
    Removing system_stm32f10x.o(i.SystemCoreClockUpdate), (104 bytes).
    Removing system_stm32f10x.o(.data), (20 bytes).
    Removing startup_stm32f10x_md.o(HEAP), (512 bytes).
    Removing network.o(i.disconnectServer), (92 bytes).
    Removing network.o(i.processServerBuffer), (2 bytes).
    Removing network.o(i.restoreESP8266), (80 bytes).
    Removing dadd.o(.text), (334 bytes).
    Removing dmul.o(.text), (228 bytes).
    Removing ddiv.o(.text), (222 bytes).
    Removing dfixul.o(.text), (48 bytes).
    Removing cdrcmple.o(.text), (48 bytes).
    Removing depilogue.o(.text), (186 bytes).

232 unused section(s) (total 9339 bytes) removed from the image.

==============================================================================

Image Symbol Table

    Local Symbols

    Symbol Name                              Value     Ov Type        Size  Object(Section)

    ../clib/microlib/division.c              0x00000000   Number         0  uldiv.o ABSOLUTE
    ../clib/microlib/division.c              0x00000000   Number         0  uidiv.o ABSOLUTE
    ../clib/microlib/init/entry.s            0x00000000   Number         0  entry11a.o ABSOLUTE
    ../clib/microlib/init/entry.s            0x00000000   Number         0  entry11b.o ABSOLUTE
    ../clib/microlib/init/entry.s            0x00000000   Number         0  entry.o ABSOLUTE
    ../clib/microlib/init/entry.s            0x00000000   Number         0  entry10b.o ABSOLUTE
    ../clib/microlib/init/entry.s            0x00000000   Number         0  entry10a.o ABSOLUTE
    ../clib/microlib/init/entry.s            0x00000000   Number         0  entry9b.o ABSOLUTE
    ../clib/microlib/init/entry.s            0x00000000   Number         0  entry9a.o ABSOLUTE
    ../clib/microlib/init/entry.s            0x00000000   Number         0  entry8b.o ABSOLUTE
    ../clib/microlib/init/entry.s            0x00000000   Number         0  entry8a.o ABSOLUTE
    ../clib/microlib/init/entry.s            0x00000000   Number         0  entry7b.o ABSOLUTE
    ../clib/microlib/init/entry.s            0x00000000   Number         0  entry7a.o ABSOLUTE
    ../clib/microlib/init/entry.s            0x00000000   Number         0  entry5.o ABSOLUTE
    ../clib/microlib/init/entry.s            0x00000000   Number         0  entry2.o ABSOLUTE
    ../clib/microlib/longlong.c              0x00000000   Number         0  llushr.o ABSOLUTE
    ../clib/microlib/longlong.c              0x00000000   Number         0  llshl.o ABSOLUTE
    ../clib/microlib/longlong.c              0x00000000   Number         0  llsshr.o ABSOLUTE
    ../clib/microlib/printf/printf.c         0x00000000   Number         0  printfb.o ABSOLUTE
    ../clib/microlib/printf/printf.c         0x00000000   Number         0  printf0.o ABSOLUTE
    ../clib/microlib/printf/printf.c         0x00000000   Number         0  printf1.o ABSOLUTE
    ../clib/microlib/printf/printf.c         0x00000000   Number         0  printf4.o ABSOLUTE
    ../clib/microlib/printf/printf.c         0x00000000   Number         0  printf2.o ABSOLUTE
    ../clib/microlib/printf/printf.c         0x00000000   Number         0  printf3.o ABSOLUTE
    ../clib/microlib/printf/printf.c         0x00000000   Number         0  printf5.o ABSOLUTE
    ../clib/microlib/printf/printf.c         0x00000000   Number         0  printf6.o ABSOLUTE
    ../clib/microlib/printf/printf.c         0x00000000   Number         0  printfa.o ABSOLUTE
    ../clib/microlib/printf/printf.c         0x00000000   Number         0  printf8.o ABSOLUTE
    ../clib/microlib/printf/printf.c         0x00000000   Number         0  printf7.o ABSOLUTE
    ../clib/microlib/printf/stubs.s          0x00000000   Number         0  stubs.o ABSOLUTE
    ../clib/microlib/stdio/streams.c         0x00000000   Number         0  stdout.o ABSOLUTE
    ../clib/microlib/string/memset.c         0x00000000   Number         0  memseta.o ABSOLUTE
    ../clib/microlib/string/strlen.c         0x00000000   Number         0  strlen.o ABSOLUTE
    ../clib/microlib/string/strstr.c         0x00000000   Number         0  strstr.o ABSOLUTE
    ../clib/microlib/stubs.s                 0x00000000   Number         0  iusefp.o ABSOLUTE
    ../fplib/microlib/fpadd.c                0x00000000   Number         0  dadd.o ABSOLUTE
    ../fplib/microlib/fpdiv.c                0x00000000   Number         0  ddiv.o ABSOLUTE
    ../fplib/microlib/fpepilogue.c           0x00000000   Number         0  depilogue.o ABSOLUTE
    ../fplib/microlib/fpfix.c                0x00000000   Number         0  dfixul.o ABSOLUTE
    ../fplib/microlib/fpmul.c                0x00000000   Number         0  dmul.o ABSOLUTE
    ..\CMSIS\core_cm3.c                      0x00000000   Number         0  core_cm3.o ABSOLUTE
    ..\CMSIS\startup\startup_stm32f10x_md.s  0x00000000   Number         0  startup_stm32f10x_md.o ABSOLUTE
    ..\CMSIS\system_stm32f10x.c              0x00000000   Number         0  system_stm32f10x.o ABSOLUTE
    ..\DRIVER\ADC\ADC.c                      0x00000000   Number         0  adc.o ABSOLUTE
    ..\DRIVER\DELAY\Delay.c                  0x00000000   Number         0  delay.o ABSOLUTE
    ..\DRIVER\DHT11\DHT11.c                  0x00000000   Number         0  dht11.o ABSOLUTE
    ..\DRIVER\DMA\DMA.c                      0x00000000   Number         0  dma.o ABSOLUTE
    ..\DRIVER\FLASH\FlashData.c              0x00000000   Number         0  flashdata.o ABSOLUTE
    ..\DRIVER\IIC\IIC.c                      0x00000000   Number         0  iic.o ABSOLUTE
    ..\DRIVER\LED\LED.c                      0x00000000   Number         0  led.o ABSOLUTE
    ..\DRIVER\LIGHT\Light.c                  0x00000000   Number         0  light.o ABSOLUTE
    ..\DRIVER\NVIC\NVIC.c                    0x00000000   Number         0  nvic.o ABSOLUTE
    ..\DRIVER\OLED\OLED.c                    0x00000000   Number         0  oled.o ABSOLUTE
    ..\DRIVER\TIMx\TIMx.c                    0x00000000   Number         0  timx.o ABSOLUTE
    ..\DRIVER\UART\uart.c                    0x00000000   Number         0  uart.o ABSOLUTE
    ..\NET\NetWork.c                         0x00000000   Number         0  network.o ABSOLUTE
    ..\NET\TLink.c                           0x00000000   Number         0  tlink.o ABSOLUTE
    ..\STLibraries\src\misc.c                0x00000000   Number         0  misc.o ABSOLUTE
    ..\STLibraries\src\stm32f10x_adc.c       0x00000000   Number         0  stm32f10x_adc.o ABSOLUTE
    ..\STLibraries\src\stm32f10x_dma.c       0x00000000   Number         0  stm32f10x_dma.o ABSOLUTE
    ..\STLibraries\src\stm32f10x_flash.c     0x00000000   Number         0  stm32f10x_flash.o ABSOLUTE
    ..\STLibraries\src\stm32f10x_gpio.c      0x00000000   Number         0  stm32f10x_gpio.o ABSOLUTE
    ..\STLibraries\src\stm32f10x_rcc.c       0x00000000   Number         0  stm32f10x_rcc.o ABSOLUTE
    ..\STLibraries\src\stm32f10x_tim.c       0x00000000   Number         0  stm32f10x_tim.o ABSOLUTE
    ..\STLibraries\src\stm32f10x_usart.c     0x00000000   Number         0  stm32f10x_usart.o ABSOLUTE
    ..\USR\main.c                            0x00000000   Number         0  main.o ABSOLUTE
    ..\USR\stm32f10x_it.c                    0x00000000   Number         0  stm32f10x_it.o ABSOLUTE
    ..\\CMSIS\\core_cm3.c                    0x00000000   Number         0  core_cm3.o ABSOLUTE
    cdrcmple.s                               0x00000000   Number         0  cdrcmple.o ABSOLUTE
    dc.s                                     0x00000000   Number         0  dc.o ABSOLUTE
    handlers.s                               0x00000000   Number         0  handlers.o ABSOLUTE
    init.s                                   0x00000000   Number         0  init.o ABSOLUTE
    RESET                                    0x08000000   Section      236  startup_stm32f10x_md.o(RESET)
    .ARM.Collect$$$$00000000                 0x080000ec   Section        0  entry.o(.ARM.Collect$$$$00000000)
    .ARM.Collect$$$$00000001                 0x080000ec   Section        4  entry2.o(.ARM.Collect$$$$00000001)
    .ARM.Collect$$$$00000004                 0x080000f0   Section        4  entry5.o(.ARM.Collect$$$$00000004)
    .ARM.Collect$$$$00000008                 0x080000f4   Section        0  entry7b.o(.ARM.Collect$$$$00000008)
    .ARM.Collect$$$$0000000A                 0x080000f4   Section        0  entry8b.o(.ARM.Collect$$$$0000000A)
    .ARM.Collect$$$$0000000B                 0x080000f4   Section        8  entry9a.o(.ARM.Collect$$$$0000000B)
    .ARM.Collect$$$$0000000D                 0x080000fc   Section        0  entry10a.o(.ARM.Collect$$$$0000000D)
    .ARM.Collect$$$$0000000F                 0x080000fc   Section        0  entry11a.o(.ARM.Collect$$$$0000000F)
    .ARM.Collect$$$$00002712                 0x080000fc   Section        4  entry2.o(.ARM.Collect$$$$00002712)
    __lit__00000000                          0x080000fc   Data           4  entry2.o(.ARM.Collect$$$$00002712)
    .text                                    0x08000100   Section       36  startup_stm32f10x_md.o(.text)
    .text                                    0x08000124   Section        0  memseta.o(.text)
    .text                                    0x08000148   Section        0  strstr.o(.text)
    .text                                    0x0800016c   Section        0  strlen.o(.text)
    .text                                    0x0800017a   Section        0  uldiv.o(.text)
    .text                                    0x080001dc   Section       36  init.o(.text)
    .text                                    0x08000200   Section        0  llshl.o(.text)
    .text                                    0x0800021e   Section        0  llushr.o(.text)
    i.ADC_Cmd                                0x0800023e   Section        0  stm32f10x_adc.o(i.ADC_Cmd)
    i.ADC_GetCalibrationStatus               0x08000252   Section        0  stm32f10x_adc.o(i.ADC_GetCalibrationStatus)
    i.ADC_GetConversionValue                 0x08000260   Section        0  stm32f10x_adc.o(i.ADC_GetConversionValue)
    i.ADC_GetFlagStatus                      0x08000266   Section        0  stm32f10x_adc.o(i.ADC_GetFlagStatus)
    i.ADC_GetResetCalibrationStatus          0x08000274   Section        0  stm32f10x_adc.o(i.ADC_GetResetCalibrationStatus)
    i.ADC_Init                               0x08000284   Section        0  stm32f10x_adc.o(i.ADC_Init)
    i.ADC_RegularChannelConfig               0x080002cc   Section        0  stm32f10x_adc.o(i.ADC_RegularChannelConfig)
    i.ADC_ResetCalibration                   0x08000340   Section        0  stm32f10x_adc.o(i.ADC_ResetCalibration)
    i.ADC_SoftwareStartConvCmd               0x0800034a   Section        0  stm32f10x_adc.o(i.ADC_SoftwareStartConvCmd)
    i.ADC_StartCalibration                   0x0800035e   Section        0  stm32f10x_adc.o(i.ADC_StartCalibration)
    i.BusFault_Handler                       0x08000368   Section        0  stm32f10x_it.o(i.BusFault_Handler)
    i.DebugMon_Handler                       0x0800036a   Section        0  stm32f10x_it.o(i.DebugMon_Handler)
    i.Delay_ms                               0x0800036c   Section        0  delay.o(i.Delay_ms)
    i.Delay_us                               0x08000388   Section        0  delay.o(i.Delay_us)
    i.FLASH_ClearFlag                        0x080003a0   Section        0  stm32f10x_flash.o(i.FLASH_ClearFlag)
    i.FLASH_ErasePage                        0x080003ac   Section        0  stm32f10x_flash.o(i.FLASH_ErasePage)
    i.FLASH_GetBank1Status                   0x080003e8   Section        0  stm32f10x_flash.o(i.FLASH_GetBank1Status)
    i.FLASH_Lock                             0x08000410   Section        0  stm32f10x_flash.o(i.FLASH_Lock)
    i.FLASH_ProgramHalfWord                  0x08000420   Section        0  stm32f10x_flash.o(i.FLASH_ProgramHalfWord)
    i.FLASH_Unlock                           0x08000454   Section        0  stm32f10x_flash.o(i.FLASH_Unlock)
    i.FLASH_WaitForLastOperation             0x0800046c   Section        0  stm32f10x_flash.o(i.FLASH_WaitForLastOperation)
    i.FLASH_WriteByte                        0x0800048e   Section        0  flashdata.o(i.FLASH_WriteByte)
    i.GPIO_Init                              0x080004b4   Section        0  stm32f10x_gpio.o(i.GPIO_Init)
    i.GPIO_PinRemapConfig                    0x08000550   Section        0  stm32f10x_gpio.o(i.GPIO_PinRemapConfig)
    i.GPIO_ReadInputDataBit                  0x080005a8   Section        0  stm32f10x_gpio.o(i.GPIO_ReadInputDataBit)
    i.GPIO_ResetBits                         0x080005b6   Section        0  stm32f10x_gpio.o(i.GPIO_ResetBits)
    i.GPIO_SetBits                           0x080005ba   Section        0  stm32f10x_gpio.o(i.GPIO_SetBits)
    i.HardFault_Handler                      0x080005be   Section        0  stm32f10x_it.o(i.HardFault_Handler)
    i.MemManage_Handler                      0x080005c0   Section        0  stm32f10x_it.o(i.MemManage_Handler)
    i.NMI_Handler                            0x080005c2   Section        0  stm32f10x_it.o(i.NMI_Handler)
    i.NVIC_Init                              0x080005c4   Section        0  misc.o(i.NVIC_Init)
    i.NVIC_PriorityGroupConfig               0x08000628   Section        0  misc.o(i.NVIC_PriorityGroupConfig)
    i.PendSV_Handler                         0x0800063c   Section        0  stm32f10x_it.o(i.PendSV_Handler)
    i.RCC_ADCCLKConfig                       0x08000640   Section        0  stm32f10x_rcc.o(i.RCC_ADCCLKConfig)
    i.RCC_APB1PeriphClockCmd                 0x08000654   Section        0  stm32f10x_rcc.o(i.RCC_APB1PeriphClockCmd)
    i.RCC_APB2PeriphClockCmd                 0x0800066c   Section        0  stm32f10x_rcc.o(i.RCC_APB2PeriphClockCmd)
    i.RCC_GetClocksFreq                      0x08000684   Section        0  stm32f10x_rcc.o(i.RCC_GetClocksFreq)
    i.ReadFlash                              0x08000718   Section        0  flashdata.o(i.ReadFlash)
    i.ReserveValue                           0x0800071c   Section        0  light.o(i.ReserveValue)
    i.SVC_Handler                            0x08000744   Section        0  stm32f10x_it.o(i.SVC_Handler)
    i.SetSysClockTo72                        0x08000748   Section        0  system_stm32f10x.o(i.SetSysClockTo72)
    SetSysClockTo72                          0x08000749   Thumb Code   160  system_stm32f10x.o(i.SetSysClockTo72)
    i.SysTick_CLKSourceConfig                0x080007f0   Section        0  misc.o(i.SysTick_CLKSourceConfig)
    i.SysTick_Handler                        0x08000808   Section        0  stm32f10x_it.o(i.SysTick_Handler)
    i.SystemInit                             0x0800080c   Section        0  system_stm32f10x.o(i.SystemInit)
    i.TIM3_IRQHandler                        0x0800085c   Section        0  main.o(i.TIM3_IRQHandler)
    i.TIM4_IRQHandler                        0x08000898   Section        0  timx.o(i.TIM4_IRQHandler)
    i.TIM_ARRPreloadConfig                   0x0800089a   Section        0  stm32f10x_tim.o(i.TIM_ARRPreloadConfig)
    i.TIM_ClearITPendingBit                  0x080008ae   Section        0  stm32f10x_tim.o(i.TIM_ClearITPendingBit)
    i.TIM_Cmd                                0x080008b4   Section        0  stm32f10x_tim.o(i.TIM_Cmd)
    i.TIM_DMACmd                             0x080008c8   Section        0  stm32f10x_tim.o(i.TIM_DMACmd)
    i.TIM_GetITStatus                        0x080008d8   Section        0  stm32f10x_tim.o(i.TIM_GetITStatus)
    i.TIM_ITConfig                           0x080008f0   Section        0  stm32f10x_tim.o(i.TIM_ITConfig)
    i.TIM_OC1Init                            0x08000900   Section        0  stm32f10x_tim.o(i.TIM_OC1Init)
    i.TIM_OC1PreloadConfig                   0x08000980   Section        0  stm32f10x_tim.o(i.TIM_OC1PreloadConfig)
    i.TIM_OC2Init                            0x0800098c   Section        0  stm32f10x_tim.o(i.TIM_OC2Init)
    i.TIM_OC2PreloadConfig                   0x08000a0c   Section        0  stm32f10x_tim.o(i.TIM_OC2PreloadConfig)
    i.TIM_SetCompare1                        0x08000a20   Section        0  stm32f10x_tim.o(i.TIM_SetCompare1)
    i.TIM_SetCompare2                        0x08000a24   Section        0  stm32f10x_tim.o(i.TIM_SetCompare2)
    i.TIM_TimeBaseInit                       0x08000a28   Section        0  stm32f10x_tim.o(i.TIM_TimeBaseInit)
    i.USART1_IRQHandler                      0x08000ac4   Section        0  uart.o(i.USART1_IRQHandler)
    i.USART2_IRQHandler                      0x08000ac8   Section        0  uart.o(i.USART2_IRQHandler)
    i.USART3_IRQHandler                      0x08000b28   Section        0  uart.o(i.USART3_IRQHandler)
    i.USART_ClearFlag                        0x08000b2a   Section        0  stm32f10x_usart.o(i.USART_ClearFlag)
    i.USART_Cmd                              0x08000b30   Section        0  stm32f10x_usart.o(i.USART_Cmd)
    i.USART_GetFlagStatus                    0x08000b44   Section        0  stm32f10x_usart.o(i.USART_GetFlagStatus)
    i.USART_GetITStatus                      0x08000b52   Section        0  stm32f10x_usart.o(i.USART_GetITStatus)
    i.USART_ITConfig                         0x08000b90   Section        0  stm32f10x_usart.o(i.USART_ITConfig)
    i.USART_Init                             0x08000bc0   Section        0  stm32f10x_usart.o(i.USART_Init)
    i.USART_ReceiveData                      0x08000c6c   Section        0  stm32f10x_usart.o(i.USART_ReceiveData)
    i.USART_SendData                         0x08000c74   Section        0  stm32f10x_usart.o(i.USART_SendData)
    i.UsageFault_Handler                     0x08000c7c   Section        0  stm32f10x_it.o(i.UsageFault_Handler)
    i.__0printf$8                            0x08000c80   Section        0  printf8.o(i.__0printf$8)
    i.__0sprintf$8                           0x08000ca0   Section        0  printf8.o(i.__0sprintf$8)
    i.__scatterload_copy                     0x08000cc8   Section       14  handlers.o(i.__scatterload_copy)
    i.__scatterload_null                     0x08000cd6   Section        2  handlers.o(i.__scatterload_null)
    i.__scatterload_zeroinit                 0x08000cd8   Section       14  handlers.o(i.__scatterload_zeroinit)
    i._printf_core                           0x08000ce8   Section        0  printf8.o(i._printf_core)
    _printf_core                             0x08000ce9   Thumb Code   996  printf8.o(i._printf_core)
    i._printf_post_padding                   0x080010f8   Section        0  printf8.o(i._printf_post_padding)
    _printf_post_padding                     0x080010f9   Thumb Code    36  printf8.o(i._printf_post_padding)
    i._printf_pre_padding                    0x0800111c   Section        0  printf8.o(i._printf_pre_padding)
    _printf_pre_padding                      0x0800111d   Thumb Code    46  printf8.o(i._printf_pre_padding)
    i._sputc                                 0x0800114a   Section        0  printf8.o(i._sputc)
    _sputc                                   0x0800114b   Thumb Code    10  printf8.o(i._sputc)
    i.checkESP8266                           0x08001154   Section        0  network.o(i.checkESP8266)
    i.closeLED                               0x0800118c   Section        0  led.o(i.closeLED)
    i.connectAP                              0x0800119c   Section        0  network.o(i.connectAP)
    i.connectServer                          0x08001274   Section        0  network.o(i.connectServer)
    i.connectTlink                           0x08001364   Section        0  tlink.o(i.connectTlink)
    i.findStr                                0x080013d8   Section        0  network.o(i.findStr)
    i.formatScreen                           0x08001404   Section        0  oled.o(i.formatScreen)
    i.fputc                                  0x0800143c   Section        0  uart.o(i.fputc)
    i.getConvValue                           0x08001468   Section        0  adc.o(i.getConvValue)
    i.getConvValueAve                        0x08001490   Section        0  adc.o(i.getConvValueAve)
    i.getPeriod                              0x080014bc   Section        0  timx.o(i.getPeriod)
    i.initADC                                0x080014c0   Section        0  adc.o(i.initADC)
    i.initDHT11                              0x08001578   Section        0  dht11.o(i.initDHT11)
    i.initESP8266                            0x080015b8   Section        0  network.o(i.initESP8266)
    i.initIIC                                0x0800162c   Section        0  iic.o(i.initIIC)
    i.initLED                                0x08001680   Section        0  led.o(i.initLED)
    i.initLight                              0x080016b8   Section        0  light.o(i.initLight)
    i.initNVIC                               0x0800176c   Section        0  nvic.o(i.initNVIC)
    i.initOLED                               0x0800178e   Section        0  oled.o(i.initOLED)
    i.initSysTick                            0x080017be   Section        0  delay.o(i.initSysTick)
    i.initTIM2OC1                            0x080017e2   Section        0  timx.o(i.initTIM2OC1)
    i.initTIM2OC2                            0x08001810   Section        0  timx.o(i.initTIM2OC2)
    i.initTIM4OC1                            0x08001840   Section        0  timx.o(i.initTIM4OC1)
    i.initTIMx                               0x0800187c   Section        0  timx.o(i.initTIMx)
    i.initUART                               0x080018f8   Section        0  uart.o(i.initUART)
    i.initUART2                              0x08001974   Section        0  uart.o(i.initUART2)
    i.main                                   0x08001a0c   Section        0  main.o(i.main)
    i.processDeviceStatus                    0x08001c54   Section        0  tlink.o(i.processDeviceStatus)
    i.sendBuffertoServer                     0x08001ffc   Section        0  network.o(i.sendBuffertoServer)
    i.sendByte                               0x0800201c   Section        0  uart.o(i.sendByte)
    i.sendDeviceStatus                       0x08002048   Section        0  tlink.o(i.sendDeviceStatus)
    i.sendIICByte                            0x080020a8   Section        0  iic.o(i.sendIICByte)
    i.sendString                             0x08002100   Section        0  uart.o(i.sendString)
    i.setLight                               0x08002118   Section        0  light.o(i.setLight)
    i.setNVIC                                0x080021b4   Section        0  nvic.o(i.setNVIC)
    i.setPos                                 0x080021ce   Section        0  oled.o(i.setPos)
    setPos                                   0x080021cf   Thumb Code    34  oled.o(i.setPos)
    i.setSDA_IN                              0x080021f0   Section        0  iic.o(i.setSDA_IN)
    i.setSDA_OUT                             0x08002218   Section        0  iic.o(i.setSDA_OUT)
    i.showChar                               0x08002250   Section        0  oled.o(i.showChar)
    i.showNumber                             0x080022d8   Section        0  oled.o(i.showNumber)
    i.showString                             0x0800235c   Section        0  oled.o(i.showString)
    i.startIIC                               0x08002384   Section        0  iic.o(i.startIIC)
    i.stopIIC                                0x080023c8   Section        0  iic.o(i.stopIIC)
    i.waitAck                                0x0800240c   Section        0  iic.o(i.waitAck)
    i.writeCommand                           0x08002460   Section        0  oled.o(i.writeCommand)
    writeCommand                             0x08002461   Thumb Code    46  oled.o(i.writeCommand)
    i.writeData                              0x0800248e   Section        0  oled.o(i.writeData)
    writeData                                0x0800248f   Thumb Code    46  oled.o(i.writeData)
    .constdata                               0x080024bc   Section     6314  oled.o(.constdata)
    .data                                    0x20000000   Section        1  uart.o(.data)
    i                                        0x20000000   Data           1  uart.o(.data)
    .data                                    0x20000001   Section        6  light.o(.data)
    .data                                    0x20000007   Section       20  stm32f10x_rcc.o(.data)
    ADCPrescTable                            0x20000007   Data           4  stm32f10x_rcc.o(.data)
    APBAHBPrescTable                         0x2000000b   Data          16  stm32f10x_rcc.o(.data)
    .data                                    0x2000001c   Section        4  stdout.o(.data)
    .bss                                     0x20000020   Section      100  network.o(.bss)
    .bss                                     0x20000084   Section       10  tlink.o(.bss)
    STACK                                    0x20000090   Section     1024  startup_stm32f10x_md.o(STACK)

    Global Symbols

    Symbol Name                              Value     Ov Type        Size  Object(Section)

    BuildAttributes$$THM_ISAv4$P$D$K$B$S$PE$A:L22UL41UL21$X:L11$S22US41US21$IEEE1$IW$USESV6$~STKCKD$USESV7$~SHL$OSPACE$ROPI$EBA8$MICROLIB$REQ8$PRES8$EABIv2 0x00000000   Number         0  anon$$obj.o ABSOLUTE
    __ARM_use_no_argv                        0x00000000   Number         0  main.o ABSOLUTE
    _printf_a                                0x00000000   Number         0  stubs.o ABSOLUTE
    _printf_c                                0x00000000   Number         0  stubs.o ABSOLUTE
    _printf_charcount                        0x00000000   Number         0  stubs.o ABSOLUTE
    _printf_d                                0x00000000   Number         0  stubs.o ABSOLUTE
    _printf_e                                0x00000000   Number         0  stubs.o ABSOLUTE
    _printf_f                                0x00000000   Number         0  stubs.o ABSOLUTE
    _printf_flags                            0x00000000   Number         0  stubs.o ABSOLUTE
    _printf_fp_dec                           0x00000000   Number         0  stubs.o ABSOLUTE
    _printf_fp_hex                           0x00000000   Number         0  stubs.o ABSOLUTE
    _printf_g                                0x00000000   Number         0  stubs.o ABSOLUTE
    _printf_i                                0x00000000   Number         0  stubs.o ABSOLUTE
    _printf_int_dec                          0x00000000   Number         0  stubs.o ABSOLUTE
    _printf_l                                0x00000000   Number         0  stubs.o ABSOLUTE
    _printf_lc                               0x00000000   Number         0  stubs.o ABSOLUTE
    _printf_ll                               0x00000000   Number         0  stubs.o ABSOLUTE
    _printf_lld                              0x00000000   Number         0  stubs.o ABSOLUTE
    _printf_lli                              0x00000000   Number         0  stubs.o ABSOLUTE
    _printf_llo                              0x00000000   Number         0  stubs.o ABSOLUTE
    _printf_llu                              0x00000000   Number         0  stubs.o ABSOLUTE
    _printf_llx                              0x00000000   Number         0  stubs.o ABSOLUTE
    _printf_longlong_dec                     0x00000000   Number         0  stubs.o ABSOLUTE
    _printf_longlong_hex                     0x00000000   Number         0  stubs.o ABSOLUTE
    _printf_longlong_oct                     0x00000000   Number         0  stubs.o ABSOLUTE
    _printf_ls                               0x00000000   Number         0  stubs.o ABSOLUTE
    _printf_mbtowc                           0x00000000   Number         0  stubs.o ABSOLUTE
    _printf_n                                0x00000000   Number         0  stubs.o ABSOLUTE
    _printf_o                                0x00000000   Number         0  stubs.o ABSOLUTE
    _printf_p                                0x00000000   Number         0  stubs.o ABSOLUTE
    _printf_percent                          0x00000000   Number         0  stubs.o ABSOLUTE
    _printf_pre_padding                      0x00000000   Number         0  stubs.o ABSOLUTE
    _printf_return_value                     0x00000000   Number         0  stubs.o ABSOLUTE
    _printf_s                                0x00000000   Number         0  stubs.o ABSOLUTE
    _printf_sizespec                         0x00000000   Number         0  stubs.o ABSOLUTE
    _printf_str                              0x00000000   Number         0  stubs.o ABSOLUTE
    _printf_truncate_signed                  0x00000000   Number         0  stubs.o ABSOLUTE
    _printf_truncate_unsigned                0x00000000   Number         0  stubs.o ABSOLUTE
    _printf_u                                0x00000000   Number         0  stubs.o ABSOLUTE
    _printf_wc                               0x00000000   Number         0  stubs.o ABSOLUTE
    _printf_wctomb                           0x00000000   Number         0  stubs.o ABSOLUTE
    _printf_widthprec                        0x00000000   Number         0  stubs.o ABSOLUTE
    _printf_x                                0x00000000   Number         0  stubs.o ABSOLUTE
    __cpp_initialize__aeabi_                  - Undefined Weak Reference
    __cxa_finalize                            - Undefined Weak Reference
    __decompress                              - Undefined Weak Reference
    _clock_init                               - Undefined Weak Reference
    _microlib_exit                            - Undefined Weak Reference
    __Vectors_Size                           0x000000ec   Number         0  startup_stm32f10x_md.o ABSOLUTE
    __Vectors                                0x08000000   Data           4  startup_stm32f10x_md.o(RESET)
    __Vectors_End                            0x080000ec   Data           0  startup_stm32f10x_md.o(RESET)
    __main                                   0x080000ed   Thumb Code     0  entry.o(.ARM.Collect$$$$00000000)
    _main_stk                                0x080000ed   Thumb Code     0  entry2.o(.ARM.Collect$$$$00000001)
    _main_scatterload                        0x080000f1   Thumb Code     0  entry5.o(.ARM.Collect$$$$00000004)
    __main_after_scatterload                 0x080000f5   Thumb Code     0  entry5.o(.ARM.Collect$$$$00000004)
    _main_clock                              0x080000f5   Thumb Code     0  entry7b.o(.ARM.Collect$$$$00000008)
    _main_cpp_init                           0x080000f5   Thumb Code     0  entry8b.o(.ARM.Collect$$$$0000000A)
    _main_init                               0x080000f5   Thumb Code     0  entry9a.o(.ARM.Collect$$$$0000000B)
    __rt_final_cpp                           0x080000fd   Thumb Code     0  entry10a.o(.ARM.Collect$$$$0000000D)
    __rt_final_exit                          0x080000fd   Thumb Code     0  entry11a.o(.ARM.Collect$$$$0000000F)
    Reset_Handler                            0x08000101   Thumb Code     8  startup_stm32f10x_md.o(.text)
    ADC1_2_IRQHandler                        0x0800011b   Thumb Code     0  startup_stm32f10x_md.o(.text)
    CAN1_RX1_IRQHandler                      0x0800011b   Thumb Code     0  startup_stm32f10x_md.o(.text)
    CAN1_SCE_IRQHandler                      0x0800011b   Thumb Code     0  startup_stm32f10x_md.o(.text)
    DMA1_Channel1_IRQHandler                 0x0800011b   Thumb Code     0  startup_stm32f10x_md.o(.text)
    DMA1_Channel2_IRQHandler                 0x0800011b   Thumb Code     0  startup_stm32f10x_md.o(.text)
    DMA1_Channel3_IRQHandler                 0x0800011b   Thumb Code     0  startup_stm32f10x_md.o(.text)
    DMA1_Channel4_IRQHandler                 0x0800011b   Thumb Code     0  startup_stm32f10x_md.o(.text)
    DMA1_Channel5_IRQHandler                 0x0800011b   Thumb Code     0  startup_stm32f10x_md.o(.text)
    DMA1_Channel6_IRQHandler                 0x0800011b   Thumb Code     0  startup_stm32f10x_md.o(.text)
    DMA1_Channel7_IRQHandler                 0x0800011b   Thumb Code     0  startup_stm32f10x_md.o(.text)
    EXTI0_IRQHandler                         0x0800011b   Thumb Code     0  startup_stm32f10x_md.o(.text)
    EXTI15_10_IRQHandler                     0x0800011b   Thumb Code     0  startup_stm32f10x_md.o(.text)
    EXTI1_IRQHandler                         0x0800011b   Thumb Code     0  startup_stm32f10x_md.o(.text)
    EXTI2_IRQHandler                         0x0800011b   Thumb Code     0  startup_stm32f10x_md.o(.text)
    EXTI3_IRQHandler                         0x0800011b   Thumb Code     0  startup_stm32f10x_md.o(.text)
    EXTI4_IRQHandler                         0x0800011b   Thumb Code     0  startup_stm32f10x_md.o(.text)
    EXTI9_5_IRQHandler                       0x0800011b   Thumb Code     0  startup_stm32f10x_md.o(.text)
    FLASH_IRQHandler                         0x0800011b   Thumb Code     0  startup_stm32f10x_md.o(.text)
    I2C1_ER_IRQHandler                       0x0800011b   Thumb Code     0  startup_stm32f10x_md.o(.text)
    I2C1_EV_IRQHandler                       0x0800011b   Thumb Code     0  startup_stm32f10x_md.o(.text)
    I2C2_ER_IRQHandler                       0x0800011b   Thumb Code     0  startup_stm32f10x_md.o(.text)
    I2C2_EV_IRQHandler                       0x0800011b   Thumb Code     0  startup_stm32f10x_md.o(.text)
    PVD_IRQHandler                           0x0800011b   Thumb Code     0  startup_stm32f10x_md.o(.text)
    RCC_IRQHandler                           0x0800011b   Thumb Code     0  startup_stm32f10x_md.o(.text)
    RTCAlarm_IRQHandler                      0x0800011b   Thumb Code     0  startup_stm32f10x_md.o(.text)
    RTC_IRQHandler                           0x0800011b   Thumb Code     0  startup_stm32f10x_md.o(.text)
    SPI1_IRQHandler                          0x0800011b   Thumb Code     0  startup_stm32f10x_md.o(.text)
    SPI2_IRQHandler                          0x0800011b   Thumb Code     0  startup_stm32f10x_md.o(.text)
    TAMPER_IRQHandler                        0x0800011b   Thumb Code     0  startup_stm32f10x_md.o(.text)
    TIM1_BRK_IRQHandler                      0x0800011b   Thumb Code     0  startup_stm32f10x_md.o(.text)
    TIM1_CC_IRQHandler                       0x0800011b   Thumb Code     0  startup_stm32f10x_md.o(.text)
    TIM1_TRG_COM_IRQHandler                  0x0800011b   Thumb Code     0  startup_stm32f10x_md.o(.text)
    TIM1_UP_IRQHandler                       0x0800011b   Thumb Code     0  startup_stm32f10x_md.o(.text)
    TIM2_IRQHandler                          0x0800011b   Thumb Code     0  startup_stm32f10x_md.o(.text)
    USBWakeUp_IRQHandler                     0x0800011b   Thumb Code     0  startup_stm32f10x_md.o(.text)
    USB_HP_CAN1_TX_IRQHandler                0x0800011b   Thumb Code     0  startup_stm32f10x_md.o(.text)
    USB_LP_CAN1_RX0_IRQHandler               0x0800011b   Thumb Code     0  startup_stm32f10x_md.o(.text)
    WWDG_IRQHandler                          0x0800011b   Thumb Code     0  startup_stm32f10x_md.o(.text)
    __aeabi_memset                           0x08000125   Thumb Code    14  memseta.o(.text)
    __aeabi_memset4                          0x08000125   Thumb Code     0  memseta.o(.text)
    __aeabi_memset8                          0x08000125   Thumb Code     0  memseta.o(.text)
    __aeabi_memclr                           0x08000133   Thumb Code     4  memseta.o(.text)
    __aeabi_memclr4                          0x08000133   Thumb Code     0  memseta.o(.text)
    __aeabi_memclr8                          0x08000133   Thumb Code     0  memseta.o(.text)
    _memset$wrapper                          0x08000137   Thumb Code    18  memseta.o(.text)
    strstr                                   0x08000149   Thumb Code    36  strstr.o(.text)
    strlen                                   0x0800016d   Thumb Code    14  strlen.o(.text)
    __aeabi_uldivmod                         0x0800017b   Thumb Code    98  uldiv.o(.text)
    __scatterload                            0x080001dd   Thumb Code    28  init.o(.text)
    __scatterload_rt2                        0x080001dd   Thumb Code     0  init.o(.text)
    __aeabi_llsl                             0x08000201   Thumb Code    30  llshl.o(.text)
    _ll_shift_l                              0x08000201   Thumb Code     0  llshl.o(.text)
    __aeabi_llsr                             0x0800021f   Thumb Code    32  llushr.o(.text)
    _ll_ushift_r                             0x0800021f   Thumb Code     0  llushr.o(.text)
    ADC_Cmd                                  0x0800023f   Thumb Code    20  stm32f10x_adc.o(i.ADC_Cmd)
    ADC_GetCalibrationStatus                 0x08000253   Thumb Code    14  stm32f10x_adc.o(i.ADC_GetCalibrationStatus)
    ADC_GetConversionValue                   0x08000261   Thumb Code     6  stm32f10x_adc.o(i.ADC_GetConversionValue)
    ADC_GetFlagStatus                        0x08000267   Thumb Code    14  stm32f10x_adc.o(i.ADC_GetFlagStatus)
    ADC_GetResetCalibrationStatus            0x08000275   Thumb Code    14  stm32f10x_adc.o(i.ADC_GetResetCalibrationStatus)
    ADC_Init                                 0x08000285   Thumb Code    62  stm32f10x_adc.o(i.ADC_Init)
    ADC_RegularChannelConfig                 0x080002cd   Thumb Code   116  stm32f10x_adc.o(i.ADC_RegularChannelConfig)
    ADC_ResetCalibration                     0x08000341   Thumb Code    10  stm32f10x_adc.o(i.ADC_ResetCalibration)
    ADC_SoftwareStartConvCmd                 0x0800034b   Thumb Code    20  stm32f10x_adc.o(i.ADC_SoftwareStartConvCmd)
    ADC_StartCalibration                     0x0800035f   Thumb Code    10  stm32f10x_adc.o(i.ADC_StartCalibration)
    BusFault_Handler                         0x08000369   Thumb Code     2  stm32f10x_it.o(i.BusFault_Handler)
    DebugMon_Handler                         0x0800036b   Thumb Code     2  stm32f10x_it.o(i.DebugMon_Handler)
    Delay_ms                                 0x0800036d   Thumb Code    28  delay.o(i.Delay_ms)
    Delay_us                                 0x08000389   Thumb Code    22  delay.o(i.Delay_us)
    FLASH_ClearFlag                          0x080003a1   Thumb Code     6  stm32f10x_flash.o(i.FLASH_ClearFlag)
    FLASH_ErasePage                          0x080003ad   Thumb Code    56  stm32f10x_flash.o(i.FLASH_ErasePage)
    FLASH_GetBank1Status                     0x080003e9   Thumb Code    34  stm32f10x_flash.o(i.FLASH_GetBank1Status)
    FLASH_Lock                               0x08000411   Thumb Code    12  stm32f10x_flash.o(i.FLASH_Lock)
    FLASH_ProgramHalfWord                    0x08000421   Thumb Code    48  stm32f10x_flash.o(i.FLASH_ProgramHalfWord)
    FLASH_Unlock                             0x08000455   Thumb Code    12  stm32f10x_flash.o(i.FLASH_Unlock)
    FLASH_WaitForLastOperation               0x0800046d   Thumb Code    34  stm32f10x_flash.o(i.FLASH_WaitForLastOperation)
    FLASH_WriteByte                          0x0800048f   Thumb Code    38  flashdata.o(i.FLASH_WriteByte)
    GPIO_Init                                0x080004b5   Thumb Code   156  stm32f10x_gpio.o(i.GPIO_Init)
    GPIO_PinRemapConfig                      0x08000551   Thumb Code    82  stm32f10x_gpio.o(i.GPIO_PinRemapConfig)
    GPIO_ReadInputDataBit                    0x080005a9   Thumb Code    14  stm32f10x_gpio.o(i.GPIO_ReadInputDataBit)
    GPIO_ResetBits                           0x080005b7   Thumb Code     4  stm32f10x_gpio.o(i.GPIO_ResetBits)
    GPIO_SetBits                             0x080005bb   Thumb Code     4  stm32f10x_gpio.o(i.GPIO_SetBits)
    HardFault_Handler                        0x080005bf   Thumb Code     2  stm32f10x_it.o(i.HardFault_Handler)
    MemManage_Handler                        0x080005c1   Thumb Code     2  stm32f10x_it.o(i.MemManage_Handler)
    NMI_Handler                              0x080005c3   Thumb Code     2  stm32f10x_it.o(i.NMI_Handler)
    NVIC_Init                                0x080005c5   Thumb Code    94  misc.o(i.NVIC_Init)
    NVIC_PriorityGroupConfig                 0x08000629   Thumb Code    10  misc.o(i.NVIC_PriorityGroupConfig)
    PendSV_Handler                           0x0800063d   Thumb Code     2  stm32f10x_it.o(i.PendSV_Handler)
    RCC_ADCCLKConfig                         0x08000641   Thumb Code    14  stm32f10x_rcc.o(i.RCC_ADCCLKConfig)
    RCC_APB1PeriphClockCmd                   0x08000655   Thumb Code    18  stm32f10x_rcc.o(i.RCC_APB1PeriphClockCmd)
    RCC_APB2PeriphClockCmd                   0x0800066d   Thumb Code    18  stm32f10x_rcc.o(i.RCC_APB2PeriphClockCmd)
    RCC_GetClocksFreq                        0x08000685   Thumb Code   132  stm32f10x_rcc.o(i.RCC_GetClocksFreq)
    ReadFlash                                0x08000719   Thumb Code     4  flashdata.o(i.ReadFlash)
    ReserveValue                             0x0800071d   Thumb Code    34  light.o(i.ReserveValue)
    SVC_Handler                              0x08000745   Thumb Code     2  stm32f10x_it.o(i.SVC_Handler)
    SysTick_CLKSourceConfig                  0x080007f1   Thumb Code    24  misc.o(i.SysTick_CLKSourceConfig)
    SysTick_Handler                          0x08000809   Thumb Code     2  stm32f10x_it.o(i.SysTick_Handler)
    SystemInit                               0x0800080d   Thumb Code    64  system_stm32f10x.o(i.SystemInit)
    TIM3_IRQHandler                          0x0800085d   Thumb Code    50  main.o(i.TIM3_IRQHandler)
    TIM4_IRQHandler                          0x08000899   Thumb Code     2  timx.o(i.TIM4_IRQHandler)
    TIM_ARRPreloadConfig                     0x0800089b   Thumb Code    20  stm32f10x_tim.o(i.TIM_ARRPreloadConfig)
    TIM_ClearITPendingBit                    0x080008af   Thumb Code     6  stm32f10x_tim.o(i.TIM_ClearITPendingBit)
    TIM_Cmd                                  0x080008b5   Thumb Code    20  stm32f10x_tim.o(i.TIM_Cmd)
    TIM_DMACmd                               0x080008c9   Thumb Code    16  stm32f10x_tim.o(i.TIM_DMACmd)
    TIM_GetITStatus                          0x080008d9   Thumb Code    24  stm32f10x_tim.o(i.TIM_GetITStatus)
    TIM_ITConfig                             0x080008f1   Thumb Code    16  stm32f10x_tim.o(i.TIM_ITConfig)
    TIM_OC1Init                              0x08000901   Thumb Code   106  stm32f10x_tim.o(i.TIM_OC1Init)
    TIM_OC1PreloadConfig                     0x08000981   Thumb Code    12  stm32f10x_tim.o(i.TIM_OC1PreloadConfig)
    TIM_OC2Init                              0x0800098d   Thumb Code   120  stm32f10x_tim.o(i.TIM_OC2Init)
    TIM_OC2PreloadConfig                     0x08000a0d   Thumb Code    20  stm32f10x_tim.o(i.TIM_OC2PreloadConfig)
    TIM_SetCompare1                          0x08000a21   Thumb Code     4  stm32f10x_tim.o(i.TIM_SetCompare1)
    TIM_SetCompare2                          0x08000a25   Thumb Code     4  stm32f10x_tim.o(i.TIM_SetCompare2)
    TIM_TimeBaseInit                         0x08000a29   Thumb Code   114  stm32f10x_tim.o(i.TIM_TimeBaseInit)
    USART1_IRQHandler                        0x08000ac5   Thumb Code     2  uart.o(i.USART1_IRQHandler)
    USART2_IRQHandler                        0x08000ac9   Thumb Code    80  uart.o(i.USART2_IRQHandler)
    USART3_IRQHandler                        0x08000b29   Thumb Code     2  uart.o(i.USART3_IRQHandler)
    USART_ClearFlag                          0x08000b2b   Thumb Code     6  stm32f10x_usart.o(i.USART_ClearFlag)
    USART_Cmd                                0x08000b31   Thumb Code    20  stm32f10x_usart.o(i.USART_Cmd)
    USART_GetFlagStatus                      0x08000b45   Thumb Code    14  stm32f10x_usart.o(i.USART_GetFlagStatus)
    USART_GetITStatus                        0x08000b53   Thumb Code    62  stm32f10x_usart.o(i.USART_GetITStatus)
    USART_ITConfig                           0x08000b91   Thumb Code    48  stm32f10x_usart.o(i.USART_ITConfig)
    USART_Init                               0x08000bc1   Thumb Code   166  stm32f10x_usart.o(i.USART_Init)
    USART_ReceiveData                        0x08000c6d   Thumb Code     8  stm32f10x_usart.o(i.USART_ReceiveData)
    USART_SendData                           0x08000c75   Thumb Code     8  stm32f10x_usart.o(i.USART_SendData)
    UsageFault_Handler                       0x08000c7d   Thumb Code     2  stm32f10x_it.o(i.UsageFault_Handler)
    __0printf$8                              0x08000c81   Thumb Code    22  printf8.o(i.__0printf$8)
    __1printf$8                              0x08000c81   Thumb Code     0  printf8.o(i.__0printf$8)
    __2printf                                0x08000c81   Thumb Code     0  printf8.o(i.__0printf$8)
    __0sprintf$8                             0x08000ca1   Thumb Code    34  printf8.o(i.__0sprintf$8)
    __1sprintf$8                             0x08000ca1   Thumb Code     0  printf8.o(i.__0sprintf$8)
    __2sprintf                               0x08000ca1   Thumb Code     0  printf8.o(i.__0sprintf$8)
    __scatterload_copy                       0x08000cc9   Thumb Code    14  handlers.o(i.__scatterload_copy)
    __scatterload_null                       0x08000cd7   Thumb Code     2  handlers.o(i.__scatterload_null)
    __scatterload_zeroinit                   0x08000cd9   Thumb Code    14  handlers.o(i.__scatterload_zeroinit)
    checkESP8266                             0x08001155   Thumb Code    36  network.o(i.checkESP8266)
    closeLED                                 0x0800118d   Thumb Code    10  led.o(i.closeLED)
    connectAP                                0x0800119d   Thumb Code   128  network.o(i.connectAP)
    connectServer                            0x08001275   Thumb Code   150  network.o(i.connectServer)
    connectTlink                             0x08001365   Thumb Code    42  tlink.o(i.connectTlink)
    findStr                                  0x080013d9   Thumb Code    44  network.o(i.findStr)
    formatScreen                             0x08001405   Thumb Code    54  oled.o(i.formatScreen)
    fputc                                    0x0800143d   Thumb Code    38  uart.o(i.fputc)
    getConvValue                             0x08001469   Thumb Code    34  adc.o(i.getConvValue)
    getConvValueAve                          0x08001491   Thumb Code    44  adc.o(i.getConvValueAve)
    getPeriod                                0x080014bd   Thumb Code     4  timx.o(i.getPeriod)
    initADC                                  0x080014c1   Thumb Code   166  adc.o(i.initADC)
    initDHT11                                0x08001579   Thumb Code    58  dht11.o(i.initDHT11)
    initESP8266                              0x080015b9   Thumb Code    78  network.o(i.initESP8266)
    initIIC                                  0x0800162d   Thumb Code    80  iic.o(i.initIIC)
    initLED                                  0x08001681   Thumb Code    50  led.o(i.initLED)
    initLight                                0x080016b9   Thumb Code   152  light.o(i.initLight)
    initNVIC                                 0x0800176d   Thumb Code    34  nvic.o(i.initNVIC)
    initOLED                                 0x0800178f   Thumb Code    48  oled.o(i.initOLED)
    initSysTick                              0x080017bf   Thumb Code    36  delay.o(i.initSysTick)
    initTIM2OC1                              0x080017e3   Thumb Code    46  timx.o(i.initTIM2OC1)
    initTIM2OC2                              0x08001811   Thumb Code    46  timx.o(i.initTIM2OC2)
    initTIM4OC1                              0x08001841   Thumb Code    54  timx.o(i.initTIM4OC1)
    initTIMx                                 0x0800187d   Thumb Code   118  timx.o(i.initTIMx)
    initUART                                 0x080018f9   Thumb Code   116  uart.o(i.initUART)
    initUART2                                0x08001975   Thumb Code   142  uart.o(i.initUART2)
    main                                     0x08001a0d   Thumb Code   392  main.o(i.main)
    processDeviceStatus                      0x08001c55   Thumb Code   636  tlink.o(i.processDeviceStatus)
    sendBuffertoServer                       0x08001ffd   Thumb Code    24  network.o(i.sendBuffertoServer)
    sendByte                                 0x0800201d   Thumb Code    44  uart.o(i.sendByte)
    sendDeviceStatus                         0x08002049   Thumb Code    62  tlink.o(i.sendDeviceStatus)
    sendIICByte                              0x080020a9   Thumb Code    82  iic.o(i.sendIICByte)
    sendString                               0x08002101   Thumb Code    24  uart.o(i.sendString)
    setLight                                 0x08002119   Thumb Code   134  light.o(i.setLight)
    setNVIC                                  0x080021b5   Thumb Code    26  nvic.o(i.setNVIC)
    setSDA_IN                                0x080021f1   Thumb Code    34  iic.o(i.setSDA_IN)
    setSDA_OUT                               0x08002219   Thumb Code    50  iic.o(i.setSDA_OUT)
    showChar                                 0x08002251   Thumb Code   128  oled.o(i.showChar)
    showNumber                               0x080022d9   Thumb Code   118  oled.o(i.showNumber)
    showString                               0x0800235d   Thumb Code    40  oled.o(i.showString)
    startIIC                                 0x08002385   Thumb Code    62  iic.o(i.startIIC)
    stopIIC                                  0x080023c9   Thumb Code    62  iic.o(i.stopIIC)
    waitAck                                  0x0800240d   Thumb Code    80  iic.o(i.waitAck)
    ANSIC0608                                0x080024bc   Data         570  oled.o(.constdata)
    ANSIC0816                                0x080026f6   Data        1520  oled.o(.constdata)
    CN1616                                   0x08002ce6   Data         128  oled.o(.constdata)
    FM_LOGO                                  0x08002d66   Data        1024  oled.o(.constdata)
    DIRECT_LOGO                              0x08003166   Data        1024  oled.o(.constdata)
    BRIGHTNESS_LOGO                          0x08003566   Data        1024  oled.o(.constdata)
    REVERSAL_LOGO                            0x08003966   Data        1024  oled.o(.constdata)
    Region$$Table$$Base                      0x08003d68   Number         0  anon$$obj.o(Region$$Table)
    Region$$Table$$Limit                     0x08003d88   Number         0  anon$$obj.o(Region$$Table)
    bed_flag                                 0x20000001   Data           1  light.o(.data)
    living_flag                              0x20000002   Data           1  light.o(.data)
    kitchen_flag                             0x20000003   Data           1  light.o(.data)
    ctrl_bed                                 0x20000004   Data           1  light.o(.data)
    ctrl_living                              0x20000005   Data           1  light.o(.data)
    ctrl_kitchen                             0x20000006   Data           1  light.o(.data)
    __stdout                                 0x2000001c   Data           4  stdout.o(.data)
    TXBuffer                                 0x20000020   Data          50  network.o(.bss)
    RXBuffer                                 0x20000052   Data          50  network.o(.bss)
    device                                   0x20000084   Data          10  tlink.o(.bss)
    __initial_sp                             0x20000490   Data           0  startup_stm32f10x_md.o(STACK)



==============================================================================

Memory Map of the image

  Image Entry point : 0x080000ed

  Load Region LR_IROM1 (Base: 0x08000000, Size: 0x00003da8, Max: 0x00010000, ABSOLUTE)

    Execution Region ER_IROM1 (Exec base: 0x08000000, Load base: 0x08000000, Size: 0x00003d88, Max: 0x00010000, ABSOLUTE)

    Exec Addr    Load Addr    Size         Type   Attr      Idx    E Section Name        Object

    0x08000000   0x08000000   0x000000ec   Data   RO         2262    RESET               startup_stm32f10x_md.o
    0x080000ec   0x080000ec   0x00000000   Code   RO         2378  * .ARM.Collect$$$$00000000  mc_w.l(entry.o)
    0x080000ec   0x080000ec   0x00000004   Code   RO         2648    .ARM.Collect$$$$00000001  mc_w.l(entry2.o)
    0x080000f0   0x080000f0   0x00000004   Code   RO         2651    .ARM.Collect$$$$00000004  mc_w.l(entry5.o)
    0x080000f4   0x080000f4   0x00000000   Code   RO         2653    .ARM.Collect$$$$00000008  mc_w.l(entry7b.o)
    0x080000f4   0x080000f4   0x00000000   Code   RO         2655    .ARM.Collect$$$$0000000A  mc_w.l(entry8b.o)
    0x080000f4   0x080000f4   0x00000008   Code   RO         2656    .ARM.Collect$$$$0000000B  mc_w.l(entry9a.o)
    0x080000fc   0x080000fc   0x00000000   Code   RO         2658    .ARM.Collect$$$$0000000D  mc_w.l(entry10a.o)
    0x080000fc   0x080000fc   0x00000000   Code   RO         2660    .ARM.Collect$$$$0000000F  mc_w.l(entry11a.o)
    0x080000fc   0x080000fc   0x00000004   Code   RO         2649    .ARM.Collect$$$$00002712  mc_w.l(entry2.o)
    0x08000100   0x08000100   0x00000024   Code   RO         2263    .text               startup_stm32f10x_md.o
    0x08000124   0x08000124   0x00000024   Code   RO         2381    .text               mc_w.l(memseta.o)
    0x08000148   0x08000148   0x00000024   Code   RO         2383    .text               mc_w.l(strstr.o)
    0x0800016c   0x0800016c   0x0000000e   Code   RO         2385    .text               mc_w.l(strlen.o)
    0x0800017a   0x0800017a   0x00000062   Code   RO         2665    .text               mc_w.l(uldiv.o)
    0x080001dc   0x080001dc   0x00000024   Code   RO         2678    .text               mc_w.l(init.o)
    0x08000200   0x08000200   0x0000001e   Code   RO         2680    .text               mc_w.l(llshl.o)
    0x0800021e   0x0800021e   0x00000020   Code   RO         2682    .text               mc_w.l(llushr.o)
    0x0800023e   0x0800023e   0x00000014   Code   RO          905    i.ADC_Cmd           stm32f10x_adc.o
    0x08000252   0x08000252   0x0000000e   Code   RO          913    i.ADC_GetCalibrationStatus  stm32f10x_adc.o
    0x08000260   0x08000260   0x00000006   Code   RO          914    i.ADC_GetConversionValue  stm32f10x_adc.o
    0x08000266   0x08000266   0x0000000e   Code   RO          916    i.ADC_GetFlagStatus  stm32f10x_adc.o
    0x08000274   0x08000274   0x0000000e   Code   RO          919    i.ADC_GetResetCalibrationStatus  stm32f10x_adc.o
    0x08000282   0x08000282   0x00000002   PAD
    0x08000284   0x08000284   0x00000048   Code   RO          923    i.ADC_Init          stm32f10x_adc.o
    0x080002cc   0x080002cc   0x00000074   Code   RO          927    i.ADC_RegularChannelConfig  stm32f10x_adc.o
    0x08000340   0x08000340   0x0000000a   Code   RO          928    i.ADC_ResetCalibration  stm32f10x_adc.o
    0x0800034a   0x0800034a   0x00000014   Code   RO          930    i.ADC_SoftwareStartConvCmd  stm32f10x_adc.o
    0x0800035e   0x0800035e   0x0000000a   Code   RO          932    i.ADC_StartCalibration  stm32f10x_adc.o
    0x08000368   0x08000368   0x00000002   Code   RO          159    i.BusFault_Handler  stm32f10x_it.o
    0x0800036a   0x0800036a   0x00000002   Code   RO          160    i.DebugMon_Handler  stm32f10x_it.o
    0x0800036c   0x0800036c   0x0000001c   Code   RO          394    i.Delay_ms          delay.o
    0x08000388   0x08000388   0x00000016   Code   RO          395    i.Delay_us          delay.o
    0x0800039e   0x0800039e   0x00000002   PAD
    0x080003a0   0x080003a0   0x0000000c   Code   RO          222    i.FLASH_ClearFlag   stm32f10x_flash.o
    0x080003ac   0x080003ac   0x0000003c   Code   RO          227    i.FLASH_ErasePage   stm32f10x_flash.o
    0x080003e8   0x080003e8   0x00000028   Code   RO          228    i.FLASH_GetBank1Status  stm32f10x_flash.o
    0x08000410   0x08000410   0x00000010   Code   RO          237    i.FLASH_Lock        stm32f10x_flash.o
    0x08000420   0x08000420   0x00000034   Code   RO          240    i.FLASH_ProgramHalfWord  stm32f10x_flash.o
    0x08000454   0x08000454   0x00000018   Code   RO          245    i.FLASH_Unlock      stm32f10x_flash.o
    0x0800046c   0x0800046c   0x00000022   Code   RO          249    i.FLASH_WaitForLastOperation  stm32f10x_flash.o
    0x0800048e   0x0800048e   0x00000026   Code   RO          845    i.FLASH_WriteByte   flashdata.o
    0x080004b4   0x080004b4   0x0000009c   Code   RO         1127    i.GPIO_Init         stm32f10x_gpio.o
    0x08000550   0x08000550   0x00000058   Code   RO         1129    i.GPIO_PinRemapConfig  stm32f10x_gpio.o
    0x080005a8   0x080005a8   0x0000000e   Code   RO         1131    i.GPIO_ReadInputDataBit  stm32f10x_gpio.o
    0x080005b6   0x080005b6   0x00000004   Code   RO         1134    i.GPIO_ResetBits    stm32f10x_gpio.o
    0x080005ba   0x080005ba   0x00000004   Code   RO         1135    i.GPIO_SetBits      stm32f10x_gpio.o
    0x080005be   0x080005be   0x00000002   Code   RO          161    i.HardFault_Handler  stm32f10x_it.o
    0x080005c0   0x080005c0   0x00000002   Code   RO          162    i.MemManage_Handler  stm32f10x_it.o
    0x080005c2   0x080005c2   0x00000002   Code   RO          163    i.NMI_Handler       stm32f10x_it.o
    0x080005c4   0x080005c4   0x00000064   Code   RO          863    i.NVIC_Init         misc.o
    0x08000628   0x08000628   0x00000014   Code   RO          864    i.NVIC_PriorityGroupConfig  misc.o
    0x0800063c   0x0800063c   0x00000002   Code   RO          164    i.PendSV_Handler    stm32f10x_it.o
    0x0800063e   0x0800063e   0x00000002   PAD
    0x08000640   0x08000640   0x00000014   Code   RO         1235    i.RCC_ADCCLKConfig  stm32f10x_rcc.o
    0x08000654   0x08000654   0x00000018   Code   RO         1237    i.RCC_APB1PeriphClockCmd  stm32f10x_rcc.o
    0x0800066c   0x0800066c   0x00000018   Code   RO         1239    i.RCC_APB2PeriphClockCmd  stm32f10x_rcc.o
    0x08000684   0x08000684   0x00000094   Code   RO         1247    i.RCC_GetClocksFreq  stm32f10x_rcc.o
    0x08000718   0x08000718   0x00000004   Code   RO          846    i.ReadFlash         flashdata.o
    0x0800071c   0x0800071c   0x00000028   Code   RO          814    i.ReserveValue      light.o
    0x08000744   0x08000744   0x00000002   Code   RO          165    i.SVC_Handler       stm32f10x_it.o
    0x08000746   0x08000746   0x00000002   PAD
    0x08000748   0x08000748   0x000000a8   Code   RO         2231    i.SetSysClockTo72   system_stm32f10x.o
    0x080007f0   0x080007f0   0x00000018   Code   RO          867    i.SysTick_CLKSourceConfig  misc.o
    0x08000808   0x08000808   0x00000002   Code   RO          166    i.SysTick_Handler   stm32f10x_it.o
    0x0800080a   0x0800080a   0x00000002   PAD
    0x0800080c   0x0800080c   0x00000050   Code   RO         2233    i.SystemInit        system_stm32f10x.o
    0x0800085c   0x0800085c   0x0000003c   Code   RO            1    i.TIM3_IRQHandler   main.o
    0x08000898   0x08000898   0x00000002   Code   RO          742    i.TIM4_IRQHandler   timx.o
    0x0800089a   0x0800089a   0x00000014   Code   RO         1437    i.TIM_ARRPreloadConfig  stm32f10x_tim.o
    0x080008ae   0x080008ae   0x00000006   Code   RO         1444    i.TIM_ClearITPendingBit  stm32f10x_tim.o
    0x080008b4   0x080008b4   0x00000014   Code   RO         1449    i.TIM_Cmd           stm32f10x_tim.o
    0x080008c8   0x080008c8   0x00000010   Code   RO         1452    i.TIM_DMACmd        stm32f10x_tim.o
    0x080008d8   0x080008d8   0x00000018   Code   RO         1470    i.TIM_GetITStatus   stm32f10x_tim.o
    0x080008f0   0x080008f0   0x00000010   Code   RO         1474    i.TIM_ITConfig      stm32f10x_tim.o
    0x08000900   0x08000900   0x00000080   Code   RO         1478    i.TIM_OC1Init       stm32f10x_tim.o
    0x08000980   0x08000980   0x0000000c   Code   RO         1481    i.TIM_OC1PreloadConfig  stm32f10x_tim.o
    0x0800098c   0x0800098c   0x00000080   Code   RO         1483    i.TIM_OC2Init       stm32f10x_tim.o
    0x08000a0c   0x08000a0c   0x00000014   Code   RO         1486    i.TIM_OC2PreloadConfig  stm32f10x_tim.o
    0x08000a20   0x08000a20   0x00000004   Code   RO         1510    i.TIM_SetCompare1   stm32f10x_tim.o
    0x08000a24   0x08000a24   0x00000004   Code   RO         1511    i.TIM_SetCompare2   stm32f10x_tim.o
    0x08000a28   0x08000a28   0x0000009c   Code   RO         1520    i.TIM_TimeBaseInit  stm32f10x_tim.o
    0x08000ac4   0x08000ac4   0x00000002   Code   RO          496    i.USART1_IRQHandler  uart.o
    0x08000ac6   0x08000ac6   0x00000002   PAD
    0x08000ac8   0x08000ac8   0x00000060   Code   RO          497    i.USART2_IRQHandler  uart.o
    0x08000b28   0x08000b28   0x00000002   Code   RO          498    i.USART3_IRQHandler  uart.o
    0x08000b2a   0x08000b2a   0x00000006   Code   RO         1968    i.USART_ClearFlag   stm32f10x_usart.o
    0x08000b30   0x08000b30   0x00000014   Code   RO         1972    i.USART_Cmd         stm32f10x_usart.o
    0x08000b44   0x08000b44   0x0000000e   Code   RO         1975    i.USART_GetFlagStatus  stm32f10x_usart.o
    0x08000b52   0x08000b52   0x0000003e   Code   RO         1976    i.USART_GetITStatus  stm32f10x_usart.o
    0x08000b90   0x08000b90   0x00000030   Code   RO         1978    i.USART_ITConfig    stm32f10x_usart.o
    0x08000bc0   0x08000bc0   0x000000ac   Code   RO         1979    i.USART_Init        stm32f10x_usart.o
    0x08000c6c   0x08000c6c   0x00000008   Code   RO         1986    i.USART_ReceiveData  stm32f10x_usart.o
    0x08000c74   0x08000c74   0x00000008   Code   RO         1989    i.USART_SendData    stm32f10x_usart.o
    0x08000c7c   0x08000c7c   0x00000002   Code   RO          167    i.UsageFault_Handler  stm32f10x_it.o
    0x08000c7e   0x08000c7e   0x00000002   PAD
    0x08000c80   0x08000c80   0x00000020   Code   RO         2594    i.__0printf$8       mc_w.l(printf8.o)
    0x08000ca0   0x08000ca0   0x00000028   Code   RO         2596    i.__0sprintf$8      mc_w.l(printf8.o)
    0x08000cc8   0x08000cc8   0x0000000e   Code   RO         2690    i.__scatterload_copy  mc_w.l(handlers.o)
    0x08000cd6   0x08000cd6   0x00000002   Code   RO         2691    i.__scatterload_null  mc_w.l(handlers.o)
    0x08000cd8   0x08000cd8   0x0000000e   Code   RO         2692    i.__scatterload_zeroinit  mc_w.l(handlers.o)
    0x08000ce6   0x08000ce6   0x00000002   PAD
    0x08000ce8   0x08000ce8   0x00000410   Code   RO         2601    i._printf_core      mc_w.l(printf8.o)
    0x080010f8   0x080010f8   0x00000024   Code   RO         2602    i._printf_post_padding  mc_w.l(printf8.o)
    0x0800111c   0x0800111c   0x0000002e   Code   RO         2603    i._printf_pre_padding  mc_w.l(printf8.o)
    0x0800114a   0x0800114a   0x0000000a   Code   RO         2605    i._sputc            mc_w.l(printf8.o)
    0x08001154   0x08001154   0x00000038   Code   RO         2267    i.checkESP8266      network.o
    0x0800118c   0x0800118c   0x00000010   Code   RO          443    i.closeLED          led.o
    0x0800119c   0x0800119c   0x000000d8   Code   RO         2268    i.connectAP         network.o
    0x08001274   0x08001274   0x000000f0   Code   RO         2269    i.connectServer     network.o
    0x08001364   0x08001364   0x00000074   Code   RO         2337    i.connectTlink      tlink.o
    0x080013d8   0x080013d8   0x0000002c   Code   RO         2271    i.findStr           network.o
    0x08001404   0x08001404   0x00000036   Code   RO          639    i.formatScreen      oled.o
    0x0800143a   0x0800143a   0x00000002   PAD
    0x0800143c   0x0800143c   0x0000002c   Code   RO          499    i.fputc             uart.o
    0x08001468   0x08001468   0x00000028   Code   RO          418    i.getConvValue      adc.o
    0x08001490   0x08001490   0x0000002c   Code   RO          419    i.getConvValueAve   adc.o
    0x080014bc   0x080014bc   0x00000004   Code   RO          743    i.getPeriod         timx.o
    0x080014c0   0x080014c0   0x000000b8   Code   RO          420    i.initADC           adc.o
    0x08001578   0x08001578   0x00000040   Code   RO          551    i.initDHT11         dht11.o
    0x080015b8   0x080015b8   0x00000074   Code   RO         2272    i.initESP8266       network.o
    0x0800162c   0x0800162c   0x00000054   Code   RO          574    i.initIIC           iic.o
    0x08001680   0x08001680   0x00000038   Code   RO          444    i.initLED           led.o
    0x080016b8   0x080016b8   0x000000b4   Code   RO          815    i.initLight         light.o
    0x0800176c   0x0800176c   0x00000022   Code   RO          478    i.initNVIC          nvic.o
    0x0800178e   0x0800178e   0x00000030   Code   RO          640    i.initOLED          oled.o
    0x080017be   0x080017be   0x00000024   Code   RO          396    i.initSysTick       delay.o
    0x080017e2   0x080017e2   0x0000002e   Code   RO          744    i.initTIM2OC1       timx.o
    0x08001810   0x08001810   0x0000002e   Code   RO          745    i.initTIM2OC2       timx.o
    0x0800183e   0x0800183e   0x00000002   PAD
    0x08001840   0x08001840   0x0000003c   Code   RO          748    i.initTIM4OC1       timx.o
    0x0800187c   0x0800187c   0x0000007c   Code   RO          750    i.initTIMx          timx.o
    0x080018f8   0x080018f8   0x0000007c   Code   RO          500    i.initUART          uart.o
    0x08001974   0x08001974   0x00000098   Code   RO          501    i.initUART2         uart.o
    0x08001a0c   0x08001a0c   0x00000248   Code   RO            2    i.main              main.o
    0x08001c54   0x08001c54   0x000003a8   Code   RO         2338    i.processDeviceStatus  tlink.o
    0x08001ffc   0x08001ffc   0x00000020   Code   RO         2275    i.sendBuffertoServer  network.o
    0x0800201c   0x0800201c   0x0000002c   Code   RO          502    i.sendByte          uart.o
    0x08002048   0x08002048   0x00000060   Code   RO         2339    i.sendDeviceStatus  tlink.o
    0x080020a8   0x080020a8   0x00000058   Code   RO          577    i.sendIICByte       iic.o
    0x08002100   0x08002100   0x00000018   Code   RO          503    i.sendString        uart.o
    0x08002118   0x08002118   0x0000009c   Code   RO          816    i.setLight          light.o
    0x080021b4   0x080021b4   0x0000001a   Code   RO          479    i.setNVIC           nvic.o
    0x080021ce   0x080021ce   0x00000022   Code   RO          641    i.setPos            oled.o
    0x080021f0   0x080021f0   0x00000028   Code   RO          579    i.setSDA_IN         iic.o
    0x08002218   0x08002218   0x00000038   Code   RO          580    i.setSDA_OUT        iic.o
    0x08002250   0x08002250   0x00000088   Code   RO          646    i.showChar          oled.o
    0x080022d8   0x080022d8   0x00000084   Code   RO          648    i.showNumber        oled.o
    0x0800235c   0x0800235c   0x00000028   Code   RO          649    i.showString        oled.o
    0x08002384   0x08002384   0x00000044   Code   RO          581    i.startIIC          iic.o
    0x080023c8   0x080023c8   0x00000044   Code   RO          582    i.stopIIC           iic.o
    0x0800240c   0x0800240c   0x00000054   Code   RO          583    i.waitAck           iic.o
    0x08002460   0x08002460   0x0000002e   Code   RO          650    i.writeCommand      oled.o
    0x0800248e   0x0800248e   0x0000002e   Code   RO          651    i.writeData         oled.o
    0x080024bc   0x080024bc   0x000018aa   Data   RO          652    .constdata          oled.o
    0x08003d66   0x08003d66   0x00000002   PAD
    0x08003d68   0x08003d68   0x00000020   Data   RO         2688    Region$$Table       anon$$obj.o


    Execution Region RW_IRAM1 (Exec base: 0x20000000, Load base: 0x08003d88, Size: 0x00000490, Max: 0x00005000, ABSOLUTE)

    Exec Addr    Load Addr    Size         Type   Attr      Idx    E Section Name        Object

    0x20000000   0x08003d88   0x00000001   Data   RW          504    .data               uart.o
    0x20000001   0x08003d89   0x00000006   Data   RW          818    .data               light.o
    0x20000007   0x08003d8f   0x00000014   Data   RW         1267    .data               stm32f10x_rcc.o
    0x2000001b   0x08003da3   0x00000001   PAD
    0x2000001c   0x08003da4   0x00000004   Data   RW         2662    .data               mc_w.l(stdout.o)
    0x20000020        -       0x00000064   Zero   RW         2276    .bss                network.o
    0x20000084        -       0x0000000a   Zero   RW         2340    .bss                tlink.o
    0x2000008e   0x08003da8   0x00000002   PAD
    0x20000090        -       0x00000400   Zero   RW         2260    STACK               startup_stm32f10x_md.o


==============================================================================

Image component sizes


      Code (inc. data)   RO Data    RW Data    ZI Data      Debug   Object Name

       268         24          0          0          0       1999   adc.o
         0          0          0          0          0         32   core_cm3.o
        86          0          0          0          0       1328   delay.o
        64          6          0          0          0        484   dht11.o
        42          0          0          0          0       1074   flashdata.o
       488         38          0          0          0       3758   iic.o
        72         12          0          0          0        849   led.o
       376         56          0          6          0       2575   light.o
       644        202          0          0          0     270377   main.o
       144         16          0          0          0       1957   misc.o
       704        244          0          0        100       3956   network.o
        60          0          0          0          0       1413   nvic.o
       536         22       6314          0          0       6419   oled.o
        36          8        236          0       1024        784   startup_stm32f10x_md.o
       296         10          0          0          0       7769   stm32f10x_adc.o
       238         36          0          0          0       5525   stm32f10x_flash.o
       266          6          0          0          0       4366   stm32f10x_gpio.o
        18          0          0          0          0       3606   stm32f10x_it.o
       216         34          0         20          0       4849   stm32f10x_rcc.o
       554         72          0          0          0       9139   stm32f10x_tim.o
       338          6          0          0          0       6623   stm32f10x_usart.o
       248         24          0          0          0       1461   system_stm32f10x.o
       282         12          0          0          0       3447   timx.o
      1148        408          0          0         10       3248   tlink.o
       488         40          0          1          0       4588   uart.o

    ----------------------------------------------------------------------
      7630       1276       6584         28       1136     351626   Object Totals
         0          0         32          0          0          0   (incl. Generated)
        18          0          2          1          2          0   (incl. Padding)

    ----------------------------------------------------------------------

      Code (inc. data)   RO Data    RW Data    ZI Data      Debug   Library Member Name

         0          0          0          0          0          0   entry.o
         0          0          0          0          0          0   entry10a.o
         0          0          0          0          0          0   entry11a.o
         8          4          0          0          0          0   entry2.o
         4          0          0          0          0          0   entry5.o
         0          0          0          0          0          0   entry7b.o
         0          0          0          0          0          0   entry8b.o
         8          4          0          0          0          0   entry9a.o
        30          0          0          0          0          0   handlers.o
        36          8          0          0          0         68   init.o
        30          0          0          0          0         68   llshl.o
        32          0          0          0          0         68   llushr.o
        36          0          0          0          0        108   memseta.o
      1204         60          0          0          0        504   printf8.o
         0          0          0          4          0          0   stdout.o
        14          0          0          0          0         68   strlen.o
        36          0          0          0          0         80   strstr.o
        98          0          0          0          0         92   uldiv.o

    ----------------------------------------------------------------------
      1538         76          0          4          0       1056   Library Totals
         2          0          0          0          0          0   (incl. Padding)

    ----------------------------------------------------------------------

      Code (inc. data)   RO Data    RW Data    ZI Data      Debug   Library Name

      1536         76          0          4          0       1056   mc_w.l

    ----------------------------------------------------------------------
      1538         76          0          4          0       1056   Library Totals

    ----------------------------------------------------------------------

==============================================================================


      Code (inc. data)   RO Data    RW Data    ZI Data      Debug   

      9168       1352       6584         32       1136     346438   Grand Totals
      9168       1352       6584         32       1136     346438   ELF Image Totals
      9168       1352       6584         32          0          0   ROM Totals

==============================================================================

    Total RO  Size (Code + RO Data)                15752 (  15.38kB)
    Total RW  Size (RW Data + ZI Data)              1168 (   1.14kB)
    Total ROM Size (Code + RO Data + RW Data)      15784 (  15.41kB)

==============================================================================

